/workspace/.onboarding/omega/replicate-20261010/RejectOriginal.lean:5:54: error: Tactic `decide` proved that the proposition
  (false && (true || false)) = (false || (true || false))
is false
/workspace/.onboarding/omega/replicate-20261010/RejectOriginal.lean:5:54: error: Tactic `decide` proved that the proposition
  (false && (true || false)) = (false || (true || false))
is false
/workspace/.onboarding/omega/replicate-20261010/RejectOriginal.lean:5:54: error: Tactic `decide` proved that the proposition
  (false && (false || true)) = (false || (false || true))
is false
/workspace/.onboarding/omega/replicate-20261010/RejectOriginal.lean:5:54: error: Tactic `decide` proved that the proposition
  (false && (false || true)) = (false || (false || true))
is false
/workspace/.onboarding/omega/replicate-20261010/RejectOriginal.lean:5:54: error: Tactic `decide` proved that the proposition
  (false && (true || true)) = (false || (true || true))
is false
/workspace/.onboarding/omega/replicate-20261010/RejectOriginal.lean:5:54: error: Tactic `decide` proved that the proposition
  (false && (true || true)) = (false || (true || true))
is false
/workspace/.onboarding/omega/replicate-20261010/RejectOriginal.lean:5:54: error: Tactic `decide` proved that the proposition
  (true && (false || false)) = (true || (false || false))
is false
/workspace/.onboarding/omega/replicate-20261010/RejectOriginal.lean:5:54: error: Tactic `decide` proved that the proposition
  (true && (false || false)) = (true || (false || false))
is false
'omega_equivalence' depends on axioms: [sorryAx]
