$ lake env lean PCSCountermodel/Audit.lean
'PCSCountermodel.evalBool_iff_holds' depends on axioms: [propext, Quot.sound]
'PCSCountermodel.checker_iff' depends on axioms: [propext, Quot.sound]
'PCSCountermodel.allWorlds_complete' depends on axioms: [propext, Quot.sound]
'PCSCountermodel.enumeration_covers' depends on axioms: [propext, Quot.sound]
'PCSCountermodel.searchAt_none_iff' depends on axioms: [propext, Quot.sound]
'PCSCountermodel.search_sound' depends on axioms: [propext, Quot.sound]
'PCSCountermodel.search_minimal' depends on axioms: [propext, Quot.sound]
'PCSCountermodel.search_none' depends on axioms: [propext, Quot.sound]
'PCSCountermodel.search_none_not_unbounded' depends on axioms: [propext, Quot.sound]
'PCSCountermodel.lower_sound' depends on axioms: [propext]
'PCSCountermodel.lower_closed_sound' depends on axioms: [propext]
'PCSCountermodel.lower_isSome_iff' depends on axioms: [propext]
'PCSCountermodel.namedChecker_sound' depends on axioms: [propext, Quot.sound]
'PCSCountermodel.namedChecker_isSome_iff' depends on axioms: [propext]
'PCSCountermodel.Fixtures.implicationFlip_lowering' depends on axioms: [propext]
'PCSCountermodel.Fixtures.implicationFlip_checker_accepts' depends on axioms: [propext]
'PCSCountermodel.Fixtures.implicationFlip_counterexample' depends on axioms: [propext, Quot.sound]
'PCSCountermodel.Fixtures.implicationFlip_named_counterexample' depends on axioms: [propext, Quot.sound]
'PCSCountermodel.Fixtures.implicationFlip_search_size' depends on axioms: [propext]
'PCSCountermodel.Fixtures.capture_search_size' depends on axioms: [propext]
exit: 0
