$ lake env lean PCSOmegaDDAudit.lean
'PCSOmega.BForm.eval_iff_holds' depends on axioms: [propext]
'PCSOmega.BForm.eval_congr' depends on axioms: [propext]
'PCSOmega.mem_allAsg' depends on axioms: [propext, Classical.choice, Quot.sound]
'PCSOmega.length_allAsg' depends on axioms: [propext, Quot.sound]
'PCSOmega.nodup_allAsg' depends on axioms: [propext, Quot.sound]
'PCSOmega.pairwise_lexLt_allAsg' depends on axioms: [propext, Quot.sound]
'PCSOmega.IsLexLeast.unique' depends on axioms: [propext, Quot.sound]
'PCSOmega.check_none_iff' depends on axioms: [propext, Classical.choice, Quot.sound]
'PCSOmega.check_some_sound' depends on axioms: [propext, Classical.choice, Quot.sound]
'PCSOmega.check_some_least' depends on axioms: [propext, Classical.choice, Quot.sound]
'PCSOmega.checkReceipt_equivalent_iff' depends on axioms: [propext, Classical.choice, Quot.sound]
'PCSOmega.checkReceipt_count' depends on axioms: [propext, Quot.sound]
'PCSOmega.verifyCheckReceipt_iff' depends on axioms: [propext]
'PCSOmega.screen_some_not_equiv' depends on axioms: [propext]
'PCSOmega.screen_append_of_some' depends on axioms: [propext, Quot.sound]
'PCSOmega.screen_isSome_append_left' depends on axioms: [propext, Quot.sound]
'PCSOmega.screen_none_of_equiv' depends on axioms: [propext, Quot.sound]
'PCSOmega.actionsOf_length' depends on axioms: [propext, Quot.sound]
'PCSOmega.applyAction_bounded' depends on axioms: [propext]
'PCSOmega.search_solution_sound' depends on axioms: [propext, Classical.choice, Quot.sound]
'PCSOmega.search_status_iff' depends on axioms: [propext]
'PCSOmega.search_flags' depends on axioms: [propext]
'PCSOmega.search_accounting' depends on axioms: [propext, Quot.sound]
'PCSOmega.replay_sound' depends on axioms: [propext, Classical.choice, Quot.sound]
'PCSOmega.strictSortedS_nodup' depends on axioms: [propext, Classical.choice, Quot.sound]
'PCSOmega.lower_eval' depends on axioms: [propext]
'PCSOmega.lower_isSome_iff' depends on axioms: [propext, Classical.choice, Quot.sound]
'PCSOmega.lower_size_depth' depends on axioms: [propext]
'PCSOmega.Controls.implication_reversal_not_equiv' depends on axioms: [propext, Classical.choice, Quot.sound]
'PCSOmega.Controls.de_morgan_equiv' depends on axioms: [propext, Classical.choice, Quot.sound]
'PCSOmega.Controls.remembered_rejection' depends on axioms: [propext]
'PCSOmega.Controls.screen_survivor_not_equiv' depends on axioms: [propext, Classical.choice, Quot.sound]
'PCSOmega.Controls.episode_solution_sound' depends on axioms: [propext, Classical.choice, Quot.sound]
'PCSDD.evalD_support' depends on axioms: [propext, Quot.sound]
'PCSDD.evalD_shannon' depends on axioms: [propext, Quot.sound]
'PCSDD.evalD_extend' depends on axioms: [propext, Quot.sound]
'PCSDD.exists_sat_unsat' depends on axioms: [propext, Classical.choice, Quot.sound]
'PCSDD.eq_zero_iff_unsat' depends on axioms: [propext, Classical.choice, Quot.sound]
'PCSDD.eq_one_iff_valid' depends on axioms: [propext, Classical.choice, Quot.sound]
'PCSDD.canonical' depends on axioms: [propext, Quot.sound]
'PCSDD.mkNode_spec' depends on axioms: [propext, Quot.sound]
'PCSDD.apply_spec' depends on axioms: [propext, Classical.choice, Quot.sound]
'PCSDD.apply_ops_le' depends on axioms: [propext, Classical.choice, Quot.sound]
'PCSDD.apply_exhausted' depends on axioms: [propext, Quot.sound]
'PCSDD.compile_spec' depends on axioms: [propext, Classical.choice, Quot.sound]
'PCSDD.wit_least' depends on axioms: [propext, Classical.choice, Quot.sound]
'PCSDD.world_spec' depends on axioms: [propext, Classical.choice, Quot.sound]
'PCSDD.witSteps_le' depends on axioms: [propext, Quot.sound]
'PCSDD.conjList_spec' depends on axioms: [propext, Classical.choice, Quot.sound]
'PCSDD.premLoop_spec' depends on axioms: [propext, Classical.choice, Quot.sound]
'PCSDD.shrink_spec' depends on axioms: [propext, Classical.choice, Quot.sound]
'PCSDD.coreWits_spec' depends on axioms: [propext, Classical.choice, Quot.sound]
'PCSDD.verify_iff' depends on axioms: [propext, Quot.sound]
'PCSDD.check_flags' depends on axioms: [propext]
'PCSDD.check_resource_limit' depends on axioms: [propext]
'PCSDD.check_inconsistent' depends on axioms: [propext, Classical.choice, Quot.sound]
'PCSDD.check_equivalent' depends on axioms: [propext, Classical.choice, Quot.sound]
'PCSDD.check_counterexample' depends on axioms: [propext, Classical.choice, Quot.sound]
'PCSDD.Summ.unique' depends on axioms: [propext, Quot.sound]
'PCSDD.Summ.append' depends on axioms: [propext, Classical.choice, Quot.sound]
'PCSDD.Summ.shift' depends on axioms: [propext, Classical.choice, Quot.sound]
'PCSDD.comb_shift_pos' depends on axioms: [propext, Quot.sound]
'PCSDD.candL_split' depends on axioms: [propext, Classical.choice, Quot.sound]
'PCSDD.comb_bcell_skip' depends on axioms: [propext, Quot.sound]
'PCSDD.summ_cellRec' depends on axioms: [propext, Classical.choice, Quot.sound]
'PCSDD.bellman_correct' depends on axioms: [propext, Classical.choice, Quot.sound]
'PCSDD.bellman_bounds' depends on axioms: [propext, Classical.choice, Quot.sound]
'PCSDD.optC_skip_iff' depends on axioms: [propext, Classical.choice, Quot.sound]
'PCSDD.recon_least' depends on axioms: [propext, Classical.choice, Quot.sound]
'PCSDD.recon_spec' depends on axioms: [propext, Classical.choice, Quot.sound]
'PCSDD.winnersCell_two' depends on axioms: [propext, Classical.choice, Quot.sound]
'PCSDD.stepCell_eq' depends on axioms: [propext, Classical.choice, Quot.sound]
'PCSDD.bellmanPass_spec' depends on axioms: [propext, Classical.choice, Quot.sound]
'PCSDD.walkPy_spec' depends on axioms: [propext, Classical.choice, Quot.sound]
'PCSDD.validB_iff' depends on axioms: [propext, Quot.sound]
'PCSDD.bellmanChecked_ok' depends on axioms: [propext, Classical.choice, Quot.sound]
'PCSDD.plan_valid' depends on axioms: [propext]
'PCSDD.plan_ok' depends on axioms: [propext, Classical.choice, Quot.sound]
'PCSDD.plan_resource_limit' depends on axioms: [propext, Classical.choice, Quot.sound]
'PCSDD.plan_inconsistent' depends on axioms: [propext, Classical.choice, Quot.sound]
'PCSDD.plan_no_feasible' depends on axioms: [propext, Classical.choice, Quot.sound]
'PCSDD.plan_optimal' depends on axioms: [propext, Classical.choice, Quot.sound]
'PCSDD.plan_flags' depends on axioms: [propext, Classical.choice, Quot.sound]
'PCSDD.js_safe_bounds' does not depend on any axioms
'PCSDD.IReceipt.verify_iff' depends on axioms: [propext, Quot.sound]
'PCSDD.IReceipt.verify_rejects' depends on axioms: [propext, Quot.sound]
'PCSDD.IReceipt.verify_rejects_changed' depends on axioms: [propext, Quot.sound]
'PCSDD.audit_feasible_iff' depends on axioms: [propext, Classical.choice, Quot.sound]
'PCSDD.audit_gap' depends on axioms: [propext, Classical.choice, Quot.sound]
'PCSDD.audit_no_gap_unresolved' depends on axioms: [propext, Classical.choice, Quot.sound]
'PCSDD.audit_no_gap_infeasible' depends on axioms: [propext, Classical.choice, Quot.sound]
'PCSDD.audit_gap_present' depends on axioms: [propext, Classical.choice, Quot.sound]
'PCSDD.Controls.tAB_equivalent' depends on axioms: [propext, Classical.choice, Quot.sound]
'PCSDD.Controls.tOpp_inconsistent' depends on axioms: [propext, Classical.choice, Quot.sound]
'PCSDD.Controls.dm24_decision' depends on axioms: [propext]
'PCSDD.Controls.dm24_equivalent' depends on axioms: [propext, Classical.choice, Quot.sound]
'PCSDD.Controls.tDense_nothing_claimed' depends on axioms: [propext]
'PCSDD.Controls.lockBoth_infeasible' depends on axioms: [propext, Classical.choice, Quot.sound]
'PCSDD.Controls.choices12_summary' depends on axioms: [propext]
exit: 0
