/workspace/.onboarding/omega/run-v1/RejectOriginal.lean:5:54: error: Tactic `decide` proved that the proposition
  ((false || true) && (false && false)) = (false || true || false && false)
is false
/workspace/.onboarding/omega/run-v1/RejectOriginal.lean:5:54: error: Tactic `decide` proved that the proposition
  ((false || false) && (true && true)) = (false || false || true && true)
is false
/workspace/.onboarding/omega/run-v1/RejectOriginal.lean:5:54: error: Tactic `decide` proved that the proposition
  ((false || true) && (false && false)) = (false || true || false && false)
is false
/workspace/.onboarding/omega/run-v1/RejectOriginal.lean:5:54: error: Tactic `decide` proved that the proposition
  ((false || false) && (true && true)) = (false || false || true && true)
is false
/workspace/.onboarding/omega/run-v1/RejectOriginal.lean:5:54: error: Tactic `decide` proved that the proposition
  ((true || false) && (false && false)) = (true || false || false && false)
is false
/workspace/.onboarding/omega/run-v1/RejectOriginal.lean:5:54: error: Tactic `decide` proved that the proposition
  ((true || true) && (false && false)) = (true || true || false && false)
is false
/workspace/.onboarding/omega/run-v1/RejectOriginal.lean:5:54: error: Tactic `decide` proved that the proposition
  ((true || false) && (false && false)) = (true || false || false && false)
is false
/workspace/.onboarding/omega/run-v1/RejectOriginal.lean:5:54: error: Tactic `decide` proved that the proposition
  ((true || true) && (false && false)) = (true || true || false && false)
is false
'omega_equivalence' depends on axioms: [sorryAx]
