'PCSDD.BOp.app_comm' does not depend on any axioms
'PCSDD.findNode_some' depends on axioms: [propext, Quot.sound]
'PCSDD.findNode_none' depends on axioms: [propext, Quot.sound]
'PCSDD.Inv.empty' depends on axioms: [propext, Quot.sound]
'PCSDD.MemoOK.extend' depends on axioms: [propext, Quot.sound]
'PCSDD.mkNode_spec' depends on axioms: [propext, Quot.sound]
'PCSDD.memoLookup_mem' depends on axioms: [propext, Quot.sound]
'PCSDD.evalD_terminal' depends on axioms: [propext, Quot.sound]
'PCSDD.termOp_spec' depends on axioms: [propext, Quot.sound]
'PCSDD.cof_spec' depends on axioms: [propext, Quot.sound]
'PCSDD.topVar_lt_of_ge2' depends on axioms: [propext, Quot.sound]
'PCSDD.apply_spec' depends on axioms: [propext, Classical.choice, Quot.sound]
'PCSDD.apply_ops_le' depends on axioms: [propext, Classical.choice, Quot.sound]
'PCSDD.apply_exhausted' depends on axioms: [propext, Quot.sound]
'PCSDD.Inv.visits' depends on axioms: [propext, Quot.sound]
'PCSDD.Inv.wsteps' depends on axioms: [propext, Quot.sound]
'PCSDD.compile_spec' depends on axioms: [propext, Classical.choice, Quot.sound]
'PCSDD.cellRec_zero' depends on axioms: [propext, Quot.sound]
'PCSDD.cellRec_one' depends on axioms: [propext, Quot.sound]
'PCSDD.cellRec_node' depends on axioms: [propext, Quot.sound]
'PCSDD.mem_candL' depends on axioms: [propext, Classical.choice, Quot.sound]
'PCSDD.branch_split' depends on axioms: [propext, Classical.choice, Quot.sound]
'PCSDD.candL_split' depends on axioms: [propext, Classical.choice, Quot.sound]
'PCSDD.summ_branch' depends on axioms: [propext, Classical.choice, Quot.sound]
'PCSDD.comb_bcell_skip' depends on axioms: [propext, Quot.sound]
'PCSDD.summ_cellRec' depends on axioms: [propext, Classical.choice, Quot.sound]
'PCSDD.Denotes.extend' depends on axioms: [propext, Quot.sound]
'PCSDD.RootsOK.extend' depends on axioms: [propext, Quot.sound]
'PCSDD.allEval_append' depends on axioms: [propext]
'PCSDD.allEval_take' depends on axioms: [propext, Quot.sound]
'PCSDD.conjList_spec' depends on axioms: [propext, Classical.choice, Quot.sound]
'PCSDD.denotes_one' depends on axioms: [propext, Quot.sound]
'PCSDD.premLoop_spec' depends on axioms: [propext, Classical.choice, Quot.sound]
'PCSDD.allEval_pick_iff' depends on axioms: [propext, Quot.sound]
'PCSDD.RootsOK.pick' depends on axioms: [propext, Quot.sound]
'PCSDD.SatSet.mono' depends on axioms: [propext]
'PCSDD.shrink_spec' depends on axioms: [propext, Classical.choice, Quot.sound]
'PCSDD.coreWits_spec' depends on axioms: [propext, Classical.choice, Quot.sound]
'PCSDD.verify_iff' depends on axioms: [propext, Quot.sound]
'PCSDD.check_flags' depends on axioms: [propext]
'PCSDD.check_resource_limit' depends on axioms: [propext]
'PCSDD.premAt_eq' depends on axioms: [propext, Quot.sound]
'PCSDD.pipeline_premises' depends on axioms: [propext, Classical.choice, Quot.sound]
'PCSDD.check_inconsistent' depends on axioms: [propext, Classical.choice, Quot.sound]
'PCSDD.pipeline_decided' depends on axioms: [propext, Classical.choice, Quot.sound]
'PCSDD.check_equivalent' depends on axioms: [propext, Classical.choice, Quot.sound]
'PCSDD.check_counterexample' depends on axioms: [propext, Classical.choice, Quot.sound]
'PCSDD.Controls.tAB_equivalent' depends on axioms: [propext, Classical.choice, Quot.sound]
'PCSDD.Controls.tOpp_inconsistent' depends on axioms: [propext, Classical.choice, Quot.sound]
'PCSDD.Controls.dm24_decision' depends on axioms: [propext, Quot.sound]
'PCSDD.Controls.dm24_equivalent' depends on axioms: [propext, Classical.choice, Quot.sound]
'PCSDD.Controls.tDense_nothing_claimed' depends on axioms: [propext]
'PCSDD.Controls.lockBoth_infeasible' depends on axioms: [propext, Classical.choice, Quot.sound]
'PCSDD.Controls.choices12_summary' depends on axioms: [propext, Quot.sound]
'PCSDD.evalD_zero' depends on axioms: [propext, Quot.sound]
'PCSDD.evalD_one' depends on axioms: [propext, Quot.sound]
'PCSDD.getNode_idx' depends on axioms: [propext]
'PCSDD.getNode_lt' depends on axioms: [propext, Quot.sound]
'PCSDD.getNode_none_of_ge' depends on axioms: [propext, Quot.sound]
'PCSDD.evalD_node' depends on axioms: [propext, Quot.sound]
'PCSDD.Valid.node' depends on axioms: [propext, Quot.sound]
'PCSDD.topVar_le' depends on axioms: [propext, Quot.sound]
'PCSDD.topVar_terminal' depends on axioms: [propext]
'PCSDD.topVar_node' depends on axioms: [propext]
'PCSDD.evalD_support' depends on axioms: [propext, Quot.sound]
'PCSDD.evalD_shannon' depends on axioms: [propext, Quot.sound]
'PCSDD.Extends.refl' does not depend on any axioms
'PCSDD.Extends.trans' depends on axioms: [propext, Quot.sound]
'PCSDD.Extends.push' depends on axioms: [propext]
'PCSDD.Extends.getNode' depends on axioms: [propext, Quot.sound]
'PCSDD.Extends.topVar' depends on axioms: [propext, Quot.sound]
'PCSDD.evalD_extend' depends on axioms: [propext, Quot.sound]
'PCSDD.exists_sat_unsat' depends on axioms: [propext, Classical.choice, Quot.sound]
'PCSDD.eq_zero_iff_unsat' depends on axioms: [propext, Classical.choice, Quot.sound]
'PCSDD.eq_one_iff_valid' depends on axioms: [propext, Classical.choice, Quot.sound]
'PCSDD.getNode_some_of_ge2' depends on axioms: [propext, Quot.sound]
'PCSDD.children_agree' depends on axioms: [propext, Quot.sound]
'PCSDD.children_agree_same' depends on axioms: [propext, Quot.sound]
'PCSDD.canonical' depends on axioms: [propext, Quot.sound]
'PCSDD.canonical'' depends on axioms: [propext, Quot.sound]
'PCSDD.IReceipt.verify_iff' depends on axioms: [propext, Quot.sound]
'PCSDD.IReceipt.verify_rejects' depends on axioms: [propext, Quot.sound]
'PCSDD.IReceipt.verify_rejects_changed' depends on axioms: [propext, Quot.sound]
'PCSDD.strictSorted_nodup' depends on axioms: [propext, Quot.sound]
'PCSDD.validFacts' depends on axioms: [propext, Quot.sound]
'PCSDD.check_decided' depends on axioms: [propext, Classical.choice, Quot.sound]
'PCSDD.feasible_iff' depends on axioms: [propext, Quot.sound]
'PCSDD.optimal_iff' depends on axioms: [propext, Quot.sound]
'PCSDD.guard_iff' depends on axioms: [propext, Quot.sound]
'PCSDD.plan_valid' depends on axioms: [propext]
'PCSDD.plan_cases' depends on axioms: [propext, Classical.choice, Quot.sound]
'PCSDD.plan_ok' depends on axioms: [propext, Classical.choice, Quot.sound]
'PCSDD.plan_resource_limit' depends on axioms: [propext, Classical.choice, Quot.sound]
'PCSDD.plan_inconsistent' depends on axioms: [propext, Classical.choice, Quot.sound]
'PCSDD.plan_no_feasible' depends on axioms: [propext, Classical.choice, Quot.sound]
'PCSDD.plan_optimal' depends on axioms: [propext, Classical.choice, Quot.sound]
'PCSDD.plan_flags' depends on axioms: [propext, Classical.choice, Quot.sound]
'PCSDD.js_safe_bounds' does not depend on any axioms
'PCSDD.audit_unfold' depends on axioms: [propext, Classical.choice, Quot.sound]
'PCSDD.audit_feasible_iff' depends on axioms: [propext, Classical.choice, Quot.sound]
'PCSDD.audit_gap' depends on axioms: [propext, Classical.choice, Quot.sound]
'PCSDD.audit_no_gap_unresolved' depends on axioms: [propext, Classical.choice, Quot.sound]
'PCSDD.audit_no_gap_infeasible' depends on axioms: [propext, Classical.choice, Quot.sound]
'PCSDD.audit_gap_present' depends on axioms: [propext, Classical.choice, Quot.sound]
'PCSDD.objL_eq' depends on axioms: [propext, Quot.sound]
'PCSDD.objL_zero' depends on axioms: [propext, Quot.sound]
'PCSDD.testBit_maskL' depends on axioms: [propext, Classical.choice, Quot.sound]
'PCSDD.maskL_zero_testBit' depends on axioms: [propext, Classical.choice, Quot.sound]
'PCSDD.locksB_iff' depends on axioms: [propext, Quot.sound]
'PCSDD.feasL_zero_iff' depends on axioms: [propext, Quot.sound]
'PCSDD.mem_candL_zero' depends on axioms: [propext, Classical.choice, Quot.sound]
'PCSDD.summ_root' depends on axioms: [propext, Classical.choice, Quot.sound]
'PCSDD.bellman_correct' depends on axioms: [propext, Classical.choice, Quot.sound]
'PCSDD.objective_le' depends on axioms: [propext, Quot.sound]
'PCSDD.bellman_bounds' depends on axioms: [propext, Classical.choice, Quot.sound]
'PCSDD.winnersCell_two' depends on axioms: [propext, Classical.choice, Quot.sound]
'PCSDD.inspect_eq' depends on axioms: [propext, Classical.choice, Quot.sound]
'PCSDD.stepCell_eq' depends on axioms: [propext, Classical.choice, Quot.sound]
'PCSDD.passUpTo_inv' depends on axioms: [propext, Classical.choice, Quot.sound]
'PCSDD.bellmanPass_spec' depends on axioms: [propext, Classical.choice, Quot.sound]
'PCSDD.choiceRec_node' depends on axioms: [propext, Quot.sound]
'PCSDD.chosen_child_some' depends on axioms: [propext, Quot.sound]
'PCSDD.walkPy_level' depends on axioms: [propext, Classical.choice, Quot.sound]
'PCSDD.walkPy_spec' depends on axioms: [propext, Classical.choice, Quot.sound]
'PCSDD.summ_min' depends on axioms: [propext, Classical.choice, Quot.sound]
'PCSDD.summ_none' depends on axioms: [propext, Classical.choice, Quot.sound]
'PCSDD.optC_cons' depends on axioms: [propext, Quot.sound]
'PCSDD.optC_skip_iff' depends on axioms: [propext, Classical.choice, Quot.sound]
'PCSDD.comb_cost_le' depends on axioms: [propext, Quot.sound]
'PCSDD.comb_lt' depends on axioms: [propext, Quot.sound]
'PCSDD.bcell_some' depends on axioms: [propext]
'PCSDD.recon_least' depends on axioms: [propext, Classical.choice, Quot.sound]
'PCSDD.recon_spec' depends on axioms: [propext, Classical.choice, Quot.sound]
'PCSDD.Summ.nil' depends on axioms: [propext]
'PCSDD.Summ.single' depends on axioms: [propext, Classical.choice, Quot.sound]
'PCSDD.Summ.unique' depends on axioms: [propext, Quot.sound]
'PCSDD.noneIff_of_some' depends on axioms: [propext]
'PCSDD.Summ.append_lt' depends on axioms: [propext, Classical.choice, Quot.sound]
'PCSDD.Summ.perm_append' depends on axioms: [propext, Quot.sound]
'PCSDD.Summ.append' depends on axioms: [propext, Classical.choice, Quot.sound]
'PCSDD.Summ.shift' depends on axioms: [propext, Classical.choice, Quot.sound]
'PCSDD.shiftCell_zero' depends on axioms: [propext, Quot.sound]
'PCSDD.shiftP_zero' depends on axioms: [propext, Quot.sound]
'PCSDD.comb_shift_pos' depends on axioms: [propext, Quot.sound]
'PCSDD.validB_iff' depends on axioms: [propext, Quot.sound]
'PCSDD.bellmanChecked_ok' depends on axioms: [propext, Classical.choice, Quot.sound]
'PCSDD.envL_zero' depends on axioms: [propext, Quot.sound]
'PCSDD.envL_cons_self' depends on axioms: [propext]
'PCSDD.envL_cons_succ' depends on axioms: [propext, Quot.sound]
'PCSDD.evalD_skip' depends on axioms: [propext, Quot.sound]
'PCSDD.evalD_level_node' depends on axioms: [propext, Quot.sound]
'PCSDD.terminal_of_topVar' depends on axioms: [propext, Classical.choice, Quot.sound]
'PCSDD.wit_eq' depends on axioms: [propext, Quot.sound]
'PCSDD.wit_length' depends on axioms: [propext, Quot.sound]
'PCSDD.wit_least' depends on axioms: [propext, Classical.choice, Quot.sound]
'PCSDD.satL_zero_iff' depends on axioms: [propext, Quot.sound]
'PCSDD.world_spec' depends on axioms: [propext, Classical.choice, Quot.sound]
'PCSDD.witSteps_eq' depends on axioms: [propext, Quot.sound]
'PCSDD.witSteps_le' depends on axioms: [propext, Quot.sound]
'PCSOmega.disagree_iff' depends on axioms: [propext]
'PCSOmega.semEquiv_iff_lists' depends on axioms: [propext, Classical.choice, Quot.sound]
'PCSOmega.check_none_iff' depends on axioms: [propext, Classical.choice, Quot.sound]
'PCSOmega.check_some_sound' depends on axioms: [propext, Classical.choice, Quot.sound]
'PCSOmega.check_some_least' depends on axioms: [propext, Classical.choice, Quot.sound]
'PCSOmega.checkReceipt_equivalent_iff' depends on axioms: [propext, Classical.choice, Quot.sound]
'PCSOmega.checkReceipt_count' depends on axioms: [propext, Quot.sound]
'PCSOmega.checkReceipt_flags' depends on axioms: [propext]
'PCSOmega.verifyCheckReceipt_iff' depends on axioms: [propext]
'PCSOmega.screen_some_not_equiv' depends on axioms: [propext]
'PCSOmega.screen_append_of_some' depends on axioms: [propext, Quot.sound]
'PCSOmega.screen_isSome_append_left' depends on axioms: [propext, Quot.sound]
'PCSOmega.screen_none_of_equiv' depends on axioms: [propext, Quot.sound]
'PCSOmega.Controls.implication_reversal_not_equiv' depends on axioms: [propext, Classical.choice, Quot.sound]
'PCSOmega.Controls.de_morgan_equiv' depends on axioms: [propext, Classical.choice, Quot.sound]
'PCSOmega.Controls.remembered_rejection' depends on axioms: [propext]
'PCSOmega.Controls.screen_survivor_not_equiv' depends on axioms: [propext, Classical.choice, Quot.sound]
'PCSOmega.Controls.episode_solution_sound' depends on axioms: [propext, Classical.choice, Quot.sound]
'PCSOmega.BForm.eval_iff_holds' depends on axioms: [propext]
'PCSOmega.BForm.eval_congr' depends on axioms: [propext]
'PCSOmega.listOf_length' depends on axioms: [propext]
'PCSOmega.envOf_listOf' depends on axioms: [propext]
'PCSOmega.allAsg_zero' does not depend on any axioms
'PCSOmega.mem_allAsg' depends on axioms: [propext, Classical.choice, Quot.sound]
'PCSOmega.length_allAsg' depends on axioms: [propext, Quot.sound]
'PCSOmega.nodup_allAsg' depends on axioms: [propext, Quot.sound]
'PCSOmega.lexLt_irrefl' depends on axioms: [propext, Quot.sound]
'PCSOmega.lexLt_trans' depends on axioms: [propext, Quot.sound]
'PCSOmega.lexLt_total' depends on axioms: [propext, Classical.choice, Quot.sound]
'PCSOmega.pairwise_lexLt_allAsg' depends on axioms: [propext, Quot.sound]
'PCSOmega.IsLexLeast.unique' depends on axioms: [propext, Quot.sound]
'PCSOmega.find?_pairwise_least' depends on axioms: [propext]
'PCSOmega.isLexLeast_cons_false' depends on axioms: [propext, Quot.sound]
'PCSOmega.isLexLeast_cons_true' depends on axioms: [propext, Quot.sound]
'PCSOmega.strictSortedS_head_lt' depends on axioms: [propext, Classical.choice, Quot.sound]
'PCSOmega.strictSortedS_nodup' depends on axioms: [propext, Classical.choice, Quot.sound]
'PCSOmega.lower_eval' depends on axioms: [propext]
'PCSOmega.idxOf?_isSome_iff' depends on axioms: [propext, Quot.sound]
'PCSOmega.idxOf?_lt' depends on axioms: [propext, Classical.choice, Quot.sound]
'PCSOmega.lower_isSome_iff' depends on axioms: [propext, Classical.choice, Quot.sound]
'PCSOmega.lower_size_depth' depends on axioms: [propext]
'PCSOmega.applyAction_bounded' depends on axioms: [propext]
'PCSOmega.actionsAux_length' depends on axioms: [propext, Quot.sound]
'PCSOmega.actionsOf_length' depends on axioms: [propext, Quot.sound]
'PCSOmega.screenWork_fst' depends on axioms: [propext, Quot.sound]
'PCSOmega.screenWork_snd_le' depends on axioms: [propext, Quot.sound]
'PCSOmega.expand_solution' depends on axioms: [propext]
'PCSOmega.remember_solution' depends on axioms: [propext]
'PCSOmega.examine_solInv' depends on axioms: [propext, Classical.choice, Quot.sound]
'PCSOmega.loop_solInv' depends on axioms: [propext, Classical.choice, Quot.sound]
'PCSOmega.initState_solInv' depends on axioms: [propext, Classical.choice, Quot.sound]
'PCSOmega.search_solution_sound' depends on axioms: [propext, Classical.choice, Quot.sound]
'PCSOmega.search_status_iff' depends on axioms: [propext]
'PCSOmega.search_flags' depends on axioms: [propext]
'PCSOmega.expand_fields' depends on axioms: [propext, Quot.sound]
'PCSOmega.recordAttempt_fields' depends on axioms: [propext]
'PCSOmega.remember_fields' depends on axioms: [propext]
'PCSOmega.examine_accInv' depends on axioms: [propext, Quot.sound]
'PCSOmega.loop_accInv' depends on axioms: [propext, Quot.sound]
'PCSOmega.initState_accInv' depends on axioms: [propext, Quot.sound]
'PCSOmega.search_accounting' depends on axioms: [propext, Quot.sound]
'PCSOmega.search_checksUsed_eq' depends on axioms: [propext]
'PCSOmega.finishChecked_sol' depends on axioms: [propext, Classical.choice, Quot.sound]
'PCSOmega.finishChecked_sol'' depends on axioms: [propext, Classical.choice, Quot.sound]
'PCSOmega.replayRow_inv' depends on axioms: [propext, Classical.choice, Quot.sound]
'PCSOmega.replayRows_inv' depends on axioms: [propext, Classical.choice, Quot.sound]
'PCSOmega.replay_sound' depends on axioms: [propext, Classical.choice, Quot.sound]
'PCSDD.apply_ok_add_fuel' depends on axioms: [propext, Quot.sound]
'PCSDD.apply_ok_target' depends on axioms: [propext, Quot.sound]
'PCSDD.CompileCertificate.sound' depends on axioms: [propext, Quot.sound]
'PCSDD.pipeline_from_certificates' depends on axioms: [propext, Quot.sound]
'PCSDD.equivalent_from_certificates' depends on axioms: [propext, Quot.sound]
'PCSDD.check_of_pipeline' depends on axioms: [propext]
'PCSDD.plan_of_check' depends on axioms: [propext]
'PCSDD.plan_from_pipeline' depends on axioms: [propext]
'PCSDD.counterexample_from_pipeline' depends on axioms: [propext]
'PCSDD.ApplyCertificate.sound' depends on axioms: [propext, Quot.sound]
'StagedControl.c5' depends on axioms: [propext]
'StagedControl.c7' depends on axioms: [propext]
'StagedControl.c8' depends on axioms: [propext]
'StagedControl.c6' depends on axioms: [propext]
'StagedControl.c4' depends on axioms: [propext]
'StagedControl.c10' depends on axioms: [propext]
'StagedControl.c12' depends on axioms: [propext]
'StagedControl.c13' depends on axioms: [propext]
'StagedControl.c11' depends on axioms: [propext]
'StagedControl.c9' depends on axioms: [propext]
'StagedControl.c3' depends on axioms: [propext]
'StagedControl.c16' depends on axioms: [propext]
'StagedControl.c18' depends on axioms: [propext]
'StagedControl.c19' depends on axioms: [propext]
'StagedControl.c17' depends on axioms: [propext]
'StagedControl.c15' depends on axioms: [propext]
'StagedControl.c21' depends on axioms: [propext]
'StagedControl.c23' depends on axioms: [propext]
'StagedControl.c24' depends on axioms: [propext]
'StagedControl.c22' depends on axioms: [propext]
'StagedControl.c20' depends on axioms: [propext]
'StagedControl.c14' depends on axioms: [propext]
'StagedControl.c2' depends on axioms: [propext]
'StagedControl.c28' depends on axioms: [propext]
'StagedControl.c30' depends on axioms: [propext]
'StagedControl.c31' depends on axioms: [propext]
'StagedControl.c29' depends on axioms: [propext]
'StagedControl.c27' depends on axioms: [propext]
'StagedControl.c33' depends on axioms: [propext]
'StagedControl.c35' depends on axioms: [propext]
'StagedControl.c36' depends on axioms: [propext]
'StagedControl.c34' depends on axioms: [propext]
'StagedControl.c32' depends on axioms: [propext]
'StagedControl.c26' depends on axioms: [propext]
'StagedControl.c39' depends on axioms: [propext]
'StagedControl.c41' depends on axioms: [propext]
'StagedControl.c42' depends on axioms: [propext]
'StagedControl.c40' depends on axioms: [propext]
'StagedControl.c38' depends on axioms: [propext]
'StagedControl.c44' depends on axioms: [propext]
'StagedControl.c46' depends on axioms: [propext]
'StagedControl.c47' depends on axioms: [propext]
'StagedControl.c45' depends on axioms: [propext]
'StagedControl.c43' depends on axioms: [propext]
'StagedControl.c37' depends on axioms: [propext]
'StagedControl.c25' depends on axioms: [propext]
'StagedControl.c1' depends on axioms: [propext]
'StagedControl.c0' depends on axioms: [propext]
'StagedControl.c53' depends on axioms: [propext]
'StagedControl.c52' depends on axioms: [propext]
'StagedControl.c56' depends on axioms: [propext]
'StagedControl.c55' depends on axioms: [propext]
'StagedControl.c58' depends on axioms: [propext]
'StagedControl.c57' depends on axioms: [propext]
'StagedControl.c54' depends on axioms: [propext]
'StagedControl.c51' depends on axioms: [propext]
'StagedControl.c61' depends on axioms: [propext]
'StagedControl.c60' depends on axioms: [propext]
'StagedControl.c64' depends on axioms: [propext]
'StagedControl.c63' depends on axioms: [propext]
'StagedControl.c66' depends on axioms: [propext]
'StagedControl.c65' depends on axioms: [propext]
'StagedControl.c62' depends on axioms: [propext]
'StagedControl.c59' depends on axioms: [propext]
'StagedControl.c50' depends on axioms: [propext]
'StagedControl.c70' depends on axioms: [propext]
'StagedControl.c69' depends on axioms: [propext]
'StagedControl.c73' depends on axioms: [propext]
'StagedControl.c72' depends on axioms: [propext]
'StagedControl.c75' depends on axioms: [propext]
'StagedControl.c74' depends on axioms: [propext]
'StagedControl.c71' depends on axioms: [propext]
'StagedControl.c68' depends on axioms: [propext]
'StagedControl.c78' depends on axioms: [propext]
'StagedControl.c77' depends on axioms: [propext]
'StagedControl.c81' depends on axioms: [propext]
'StagedControl.c80' depends on axioms: [propext]
'StagedControl.c83' depends on axioms: [propext]
'StagedControl.c82' depends on axioms: [propext]
'StagedControl.c79' depends on axioms: [propext]
'StagedControl.c76' depends on axioms: [propext]
'StagedControl.c67' depends on axioms: [propext]
'StagedControl.c49' depends on axioms: [propext]
'StagedControl.c88' depends on axioms: [propext]
'StagedControl.c87' depends on axioms: [propext]
'StagedControl.c91' depends on axioms: [propext]
'StagedControl.c90' depends on axioms: [propext]
'StagedControl.c93' depends on axioms: [propext]
'StagedControl.c92' depends on axioms: [propext]
'StagedControl.c89' depends on axioms: [propext]
'StagedControl.c86' depends on axioms: [propext]
'StagedControl.c96' depends on axioms: [propext]
'StagedControl.c95' depends on axioms: [propext]
'StagedControl.c99' depends on axioms: [propext]
'StagedControl.c98' depends on axioms: [propext]
'StagedControl.c101' depends on axioms: [propext]
'StagedControl.c100' depends on axioms: [propext]
'StagedControl.c97' depends on axioms: [propext]
'StagedControl.c94' depends on axioms: [propext]
'StagedControl.c85' depends on axioms: [propext]
'StagedControl.c105' depends on axioms: [propext]
'StagedControl.c104' depends on axioms: [propext]
'StagedControl.c108' depends on axioms: [propext]
'StagedControl.c107' depends on axioms: [propext]
'StagedControl.c110' depends on axioms: [propext]
'StagedControl.c109' depends on axioms: [propext]
'StagedControl.c106' depends on axioms: [propext]
'StagedControl.c103' depends on axioms: [propext]
'StagedControl.c113' depends on axioms: [propext]
'StagedControl.c112' depends on axioms: [propext]
'StagedControl.c116' depends on axioms: [propext]
'StagedControl.c115' depends on axioms: [propext]
'StagedControl.c118' depends on axioms: [propext]
'StagedControl.c117' depends on axioms: [propext]
'StagedControl.c114' depends on axioms: [propext]
'StagedControl.c111' depends on axioms: [propext]
'StagedControl.c102' depends on axioms: [propext]
'StagedControl.c84' depends on axioms: [propext]
'StagedControl.c48' depends on axioms: [propext]
'StagedControl.hx' does not depend on any axioms
'StagedControl.ha' does not depend on any axioms
'StagedControl.pipe' depends on axioms: [propext, Quot.sound]
'StagedControl.result' depends on axioms: [propext, Quot.sound]
'StagedChoices.c4' depends on axioms: [propext]
'StagedChoices.c5' depends on axioms: [propext]
'StagedChoices.c3' depends on axioms: [propext]
'StagedChoices.c8' depends on axioms: [propext]
'StagedChoices.c9' depends on axioms: [propext]
'StagedChoices.c7' depends on axioms: [propext]
'StagedChoices.c11' depends on axioms: [propext]
'StagedChoices.c12' depends on axioms: [propext]
'StagedChoices.c10' depends on axioms: [propext]
'StagedChoices.c6' depends on axioms: [propext]
'StagedChoices.c2' depends on axioms: [propext]
'StagedChoices.c15' depends on axioms: [propext]
'StagedChoices.c16' depends on axioms: [propext]
'StagedChoices.c14' depends on axioms: [propext]
'StagedChoices.c19' depends on axioms: [propext]
'StagedChoices.c20' depends on axioms: [propext]
'StagedChoices.c18' depends on axioms: [propext]
'StagedChoices.c22' depends on axioms: [propext]
'StagedChoices.c23' depends on axioms: [propext]
'StagedChoices.c21' depends on axioms: [propext]
'StagedChoices.c17' depends on axioms: [propext]
'StagedChoices.c13' depends on axioms: [propext]
'StagedChoices.c1' depends on axioms: [propext]
'StagedChoices.c27' depends on axioms: [propext]
'StagedChoices.c28' depends on axioms: [propext]
'StagedChoices.c26' depends on axioms: [propext]
'StagedChoices.c31' depends on axioms: [propext]
'StagedChoices.c32' depends on axioms: [propext]
'StagedChoices.c30' depends on axioms: [propext]
'StagedChoices.c34' depends on axioms: [propext]
'StagedChoices.c35' depends on axioms: [propext]
'StagedChoices.c33' depends on axioms: [propext]
'StagedChoices.c29' depends on axioms: [propext]
'StagedChoices.c25' depends on axioms: [propext]
'StagedChoices.c38' depends on axioms: [propext]
'StagedChoices.c39' depends on axioms: [propext]
'StagedChoices.c37' depends on axioms: [propext]
'StagedChoices.c42' depends on axioms: [propext]
'StagedChoices.c43' depends on axioms: [propext]
'StagedChoices.c41' depends on axioms: [propext]
'StagedChoices.c45' depends on axioms: [propext]
'StagedChoices.c46' depends on axioms: [propext]
'StagedChoices.c44' depends on axioms: [propext]
'StagedChoices.c40' depends on axioms: [propext]
'StagedChoices.c36' depends on axioms: [propext]
'StagedChoices.c24' depends on axioms: [propext]
'StagedChoices.c0' depends on axioms: [propext]
'StagedChoices.c47' does not depend on any axioms
'StagedChoices.hx' does not depend on any axioms
'StagedChoices.ha' does not depend on any axioms
'StagedChoices.pipe' depends on axioms: [propext, Quot.sound]
'StagedChoices.result' depends on axioms: [propext, Quot.sound]
'StagedDense.c3' depends on axioms: [propext]
'StagedDense.c4' depends on axioms: [propext]
'StagedDense.a7' does not depend on any axioms
'StagedDense.a8' does not depend on any axioms
'StagedDense.a6' does not depend on any axioms
'StagedDense.a10' does not depend on any axioms
'StagedDense.a11' does not depend on any axioms
'StagedDense.a9' does not depend on any axioms
'StagedDense.a5' does not depend on any axioms
'StagedDense.c2' depends on axioms: [propext, Quot.sound]
'StagedDense.c14' depends on axioms: [propext]
'StagedDense.c15' depends on axioms: [propext]
'StagedDense.a18' does not depend on any axioms
'StagedDense.a19' does not depend on any axioms
'StagedDense.a17' does not depend on any axioms
'StagedDense.a21' does not depend on any axioms
'StagedDense.a22' does not depend on any axioms
'StagedDense.a20' does not depend on any axioms
'StagedDense.a16' does not depend on any axioms
'StagedDense.c13' depends on axioms: [propext, Quot.sound]
'StagedDense.c24' depends on axioms: [propext]
'StagedDense.c25' depends on axioms: [propext]
'StagedDense.a28' does not depend on any axioms
'StagedDense.a29' does not depend on any axioms
'StagedDense.a27' does not depend on any axioms
'StagedDense.a31' does not depend on any axioms
'StagedDense.a32' does not depend on any axioms
'StagedDense.a30' does not depend on any axioms
'StagedDense.a26' does not depend on any axioms
'StagedDense.c23' depends on axioms: [propext, Quot.sound]
'StagedDense.a35' does not depend on any axioms
'StagedDense.a37' does not depend on any axioms
'StagedDense.a38' does not depend on any axioms
'StagedDense.a36' does not depend on any axioms
'StagedDense.a34' does not depend on any axioms
'StagedDense.a41' does not depend on any axioms
'StagedDense.a42' does not depend on any axioms
'StagedDense.a40' does not depend on any axioms
'StagedDense.a44' does not depend on any axioms
'StagedDense.a46' does not depend on any axioms
'StagedDense.a47' does not depend on any axioms
'StagedDense.a45' does not depend on any axioms
'StagedDense.a43' does not depend on any axioms
'StagedDense.a39' does not depend on any axioms
'StagedDense.a33' does not depend on any axioms
'StagedDense.c12' depends on axioms: [propext, Quot.sound]
'StagedDense.a50' does not depend on any axioms
'StagedDense.a52' does not depend on any axioms
'StagedDense.a54' does not depend on any axioms
'StagedDense.a55' does not depend on any axioms
'StagedDense.a53' does not depend on any axioms
'StagedDense.a51' does not depend on any axioms
'StagedDense.a49' does not depend on any axioms
'StagedDense.a59' does not depend on any axioms
'StagedDense.a60' does not depend on any axioms
'StagedDense.a58' does not depend on any axioms
'StagedDense.a62' does not depend on any axioms
'StagedDense.a63' does not depend on any axioms
'StagedDense.a61' does not depend on any axioms
'StagedDense.a57' does not depend on any axioms
'StagedDense.a66' does not depend on any axioms
'StagedDense.a68' does not depend on any axioms
'StagedDense.a69' does not depend on any axioms
'StagedDense.a67' does not depend on any axioms
'StagedDense.a65' does not depend on any axioms
'StagedDense.a71' does not depend on any axioms
'StagedDense.a73' does not depend on any axioms
'StagedDense.a74' does not depend on any axioms
'StagedDense.a72' does not depend on any axioms
'StagedDense.a70' does not depend on any axioms
'StagedDense.a64' does not depend on any axioms
'StagedDense.a56' does not depend on any axioms
'StagedDense.a48' does not depend on any axioms
'StagedDense.c1' depends on axioms: [propext, Quot.sound]
'StagedDense.c77' depends on axioms: [propext]
'StagedDense.c78' depends on axioms: [propext]
'StagedDense.a81' does not depend on any axioms
'StagedDense.a82' does not depend on any axioms
'StagedDense.a80' does not depend on any axioms
'StagedDense.a84' does not depend on any axioms
'StagedDense.a85' does not depend on any axioms
'StagedDense.a83' does not depend on any axioms
'StagedDense.a79' does not depend on any axioms
'StagedDense.c76' depends on axioms: [propext, Quot.sound]
'StagedDense.c88' depends on axioms: [propext]
'StagedDense.c89' depends on axioms: [propext]
'StagedDense.a92' does not depend on any axioms
'StagedDense.a93' does not depend on any axioms
'StagedDense.a91' does not depend on any axioms
'StagedDense.a95' does not depend on any axioms
'StagedDense.a96' does not depend on any axioms
'StagedDense.a94' does not depend on any axioms
'StagedDense.a90' does not depend on any axioms
'StagedDense.c87' depends on axioms: [propext, Quot.sound]
'StagedDense.c98' depends on axioms: [propext]
'StagedDense.c99' depends on axioms: [propext]
'StagedDense.a102' does not depend on any axioms
'StagedDense.a103' does not depend on any axioms
'StagedDense.a101' does not depend on any axioms
'StagedDense.a105' does not depend on any axioms
'StagedDense.a106' does not depend on any axioms
'StagedDense.a104' does not depend on any axioms
'StagedDense.a100' does not depend on any axioms
'StagedDense.c97' depends on axioms: [propext, Quot.sound]
'StagedDense.a109' does not depend on any axioms
'StagedDense.a111' does not depend on any axioms
'StagedDense.a112' does not depend on any axioms
'StagedDense.a110' does not depend on any axioms
'StagedDense.a108' does not depend on any axioms
'StagedDense.a115' does not depend on any axioms
'StagedDense.a116' does not depend on any axioms
'StagedDense.a114' does not depend on any axioms
'StagedDense.a118' does not depend on any axioms
'StagedDense.a120' does not depend on any axioms
'StagedDense.a121' does not depend on any axioms
'StagedDense.a119' does not depend on any axioms
'StagedDense.a117' does not depend on any axioms
'StagedDense.a113' does not depend on any axioms
'StagedDense.a107' does not depend on any axioms
'StagedDense.c86' depends on axioms: [propext, Quot.sound]
'StagedDense.a124' does not depend on any axioms
'StagedDense.a126' does not depend on any axioms
'StagedDense.a128' does not depend on any axioms
'StagedDense.a129' does not depend on any axioms
'StagedDense.a127' does not depend on any axioms
'StagedDense.a125' does not depend on any axioms
'StagedDense.a123' does not depend on any axioms
'StagedDense.a133' does not depend on any axioms
'StagedDense.a134' does not depend on any axioms
'StagedDense.a132' does not depend on any axioms
'StagedDense.a136' does not depend on any axioms
'StagedDense.a137' does not depend on any axioms
'StagedDense.a135' does not depend on any axioms
'StagedDense.a131' does not depend on any axioms
'StagedDense.a140' does not depend on any axioms
'StagedDense.a142' does not depend on any axioms
'StagedDense.a143' does not depend on any axioms
'StagedDense.a141' does not depend on any axioms
'StagedDense.a139' does not depend on any axioms
'StagedDense.a145' does not depend on any axioms
'StagedDense.a147' does not depend on any axioms
'StagedDense.a148' does not depend on any axioms
'StagedDense.a146' does not depend on any axioms
'StagedDense.a144' does not depend on any axioms
'StagedDense.a138' does not depend on any axioms
'StagedDense.a130' does not depend on any axioms
'StagedDense.a122' does not depend on any axioms
'StagedDense.c75' depends on axioms: [propext, Quot.sound]
'StagedDense.a153' does not depend on any axioms
'StagedDense.a156' does not depend on any axioms
'StagedDense.a158' does not depend on any axioms
'StagedDense.a159' does not depend on any axioms
'StagedDense.a157' does not depend on any axioms
'StagedDense.a155' does not depend on any axioms
'StagedDense.a162' does not depend on any axioms
'StagedDense.a163' does not depend on any axioms
'StagedDense.a161' does not depend on any axioms
'StagedDense.a165' does not depend on any axioms
'StagedDense.a166' does not depend on any axioms
'StagedDense.a164' does not depend on any axioms
'StagedDense.a160' does not depend on any axioms
'StagedDense.a154' does not depend on any axioms
'StagedDense.a152' does not depend on any axioms
'StagedDense.a170' does not depend on any axioms
'StagedDense.a172' does not depend on any axioms
'StagedDense.a173' does not depend on any axioms
'StagedDense.a171' does not depend on any axioms
'StagedDense.a169' does not depend on any axioms
'StagedDense.a176' does not depend on any axioms
'StagedDense.a177' does not depend on any axioms
'StagedDense.a175' does not depend on any axioms
'StagedDense.a179' does not depend on any axioms
'StagedDense.a180' does not depend on any axioms
'StagedDense.a178' does not depend on any axioms
'StagedDense.a174' does not depend on any axioms
'StagedDense.a168' does not depend on any axioms
'StagedDense.a184' does not depend on any axioms
'StagedDense.a186' does not depend on any axioms
'StagedDense.a187' does not depend on any axioms
'StagedDense.a185' does not depend on any axioms
'StagedDense.a183' does not depend on any axioms
'StagedDense.a189' does not depend on any axioms
'StagedDense.a191' does not depend on any axioms
'StagedDense.a192' does not depend on any axioms
'StagedDense.a190' does not depend on any axioms
'StagedDense.a188' does not depend on any axioms
'StagedDense.a182' does not depend on any axioms
'StagedDense.a195' does not depend on any axioms
'StagedDense.a197' does not depend on any axioms
'StagedDense.a198' does not depend on any axioms
'StagedDense.a196' does not depend on any axioms
'StagedDense.a194' does not depend on any axioms
'StagedDense.a200' does not depend on any axioms
'StagedDense.a202' does not depend on any axioms
'StagedDense.a203' does not depend on any axioms
'StagedDense.a201' does not depend on any axioms
'StagedDense.a199' does not depend on any axioms
'StagedDense.a193' does not depend on any axioms
'StagedDense.a181' does not depend on any axioms
'StagedDense.a167' does not depend on any axioms
'StagedDense.a151' does not depend on any axioms
'StagedDense.a208' does not depend on any axioms
'StagedDense.a210' does not depend on any axioms
'StagedDense.a211' does not depend on any axioms
'StagedDense.a209' does not depend on any axioms
'StagedDense.a207' does not depend on any axioms
'StagedDense.a214' does not depend on any axioms
'StagedDense.a215' does not depend on any axioms
'StagedDense.a213' does not depend on any axioms
'StagedDense.a217' does not depend on any axioms
'StagedDense.a218' does not depend on any axioms
'StagedDense.a216' does not depend on any axioms
'StagedDense.a212' does not depend on any axioms
'StagedDense.a206' does not depend on any axioms
'StagedDense.a222' does not depend on any axioms
'StagedDense.a223' does not depend on any axioms
'StagedDense.a221' does not depend on any axioms
'StagedDense.a225' does not depend on any axioms
'StagedDense.a226' does not depend on any axioms
'StagedDense.a224' does not depend on any axioms
'StagedDense.a220' does not depend on any axioms
'StagedDense.a229' does not depend on any axioms
'StagedDense.a230' does not depend on any axioms
'StagedDense.a228' does not depend on any axioms
'StagedDense.a232' does not depend on any axioms
'StagedDense.a233' does not depend on any axioms
'StagedDense.a231' does not depend on any axioms
'StagedDense.a227' does not depend on any axioms
'StagedDense.a219' does not depend on any axioms
'StagedDense.a205' does not depend on any axioms
'StagedDense.a237' does not depend on any axioms
'StagedDense.a239' does not depend on any axioms
'StagedDense.a240' does not depend on any axioms
'StagedDense.a238' does not depend on any axioms
'StagedDense.a236' does not depend on any axioms
'StagedDense.a243' does not depend on any axioms
'StagedDense.a244' does not depend on any axioms
'StagedDense.a242' does not depend on any axioms
'StagedDense.a246' does not depend on any axioms
'StagedDense.a247' does not depend on any axioms
'StagedDense.a245' does not depend on any axioms
'StagedDense.a241' does not depend on any axioms
'StagedDense.a235' does not depend on any axioms
'StagedDense.a251' does not depend on any axioms
'StagedDense.a252' does not depend on any axioms
'StagedDense.a250' does not depend on any axioms
'StagedDense.a254' does not depend on any axioms
'StagedDense.a255' does not depend on any axioms
'StagedDense.a253' does not depend on any axioms
'StagedDense.a249' does not depend on any axioms
'StagedDense.a258' does not depend on any axioms
'StagedDense.a259' does not depend on any axioms
'StagedDense.a257' does not depend on any axioms
'StagedDense.a261' does not depend on any axioms
'StagedDense.a262' does not depend on any axioms
'StagedDense.a260' does not depend on any axioms
'StagedDense.a256' does not depend on any axioms
'StagedDense.a248' does not depend on any axioms
'StagedDense.a234' does not depend on any axioms
'StagedDense.a204' does not depend on any axioms
'StagedDense.a150' does not depend on any axioms
'StagedDense.a268' does not depend on any axioms
'StagedDense.a270' does not depend on any axioms
'StagedDense.a271' does not depend on any axioms
'StagedDense.a269' does not depend on any axioms
'StagedDense.a267' does not depend on any axioms
'StagedDense.a274' does not depend on any axioms
'StagedDense.a275' does not depend on any axioms
'StagedDense.a273' does not depend on any axioms
'StagedDense.a277' does not depend on any axioms
'StagedDense.a278' does not depend on any axioms
'StagedDense.a276' does not depend on any axioms
'StagedDense.a272' does not depend on any axioms
'StagedDense.a266' does not depend on any axioms
'StagedDense.a282' does not depend on any axioms
'StagedDense.a283' does not depend on any axioms
'StagedDense.a281' does not depend on any axioms
'StagedDense.a285' does not depend on any axioms
'StagedDense.a286' does not depend on any axioms
'StagedDense.a284' does not depend on any axioms
'StagedDense.a280' does not depend on any axioms
'StagedDense.a289' does not depend on any axioms
'StagedDense.a290' does not depend on any axioms
'StagedDense.a288' does not depend on any axioms
'StagedDense.a292' does not depend on any axioms
'StagedDense.a293' does not depend on any axioms
'StagedDense.a291' does not depend on any axioms
'StagedDense.a287' does not depend on any axioms
'StagedDense.a279' does not depend on any axioms
'StagedDense.a265' does not depend on any axioms
'StagedDense.a298' does not depend on any axioms
'StagedDense.a299' does not depend on any axioms
'StagedDense.a297' does not depend on any axioms
'StagedDense.a301' does not depend on any axioms
'StagedDense.a302' does not depend on any axioms
'StagedDense.a300' does not depend on any axioms
'StagedDense.a296' does not depend on any axioms
'StagedDense.a305' does not depend on any axioms
'StagedDense.a306' does not depend on any axioms
'StagedDense.a304' does not depend on any axioms
'StagedDense.a308' does not depend on any axioms
'StagedDense.a309' does not depend on any axioms
'StagedDense.a307' does not depend on any axioms
'StagedDense.a303' does not depend on any axioms
'StagedDense.a295' does not depend on any axioms
'StagedDense.a313' does not depend on any axioms
'StagedDense.a314' does not depend on any axioms
'StagedDense.a312' does not depend on any axioms
'StagedDense.a316' does not depend on any axioms
'StagedDense.a317' does not depend on any axioms
'StagedDense.a315' does not depend on any axioms
'StagedDense.a311' does not depend on any axioms
'StagedDense.a320' does not depend on any axioms
'StagedDense.a321' does not depend on any axioms
'StagedDense.a319' does not depend on any axioms
'StagedDense.a323' does not depend on any axioms
'StagedDense.a324' does not depend on any axioms
'StagedDense.a322' does not depend on any axioms
'StagedDense.a318' does not depend on any axioms
'StagedDense.a310' does not depend on any axioms
'StagedDense.a294' does not depend on any axioms
'StagedDense.a264' does not depend on any axioms
'StagedDense.a330' does not depend on any axioms
'StagedDense.a331' does not depend on any axioms
'StagedDense.a329' does not depend on any axioms
'StagedDense.a333' does not depend on any axioms
'StagedDense.a334' does not depend on any axioms
'StagedDense.a332' does not depend on any axioms
'StagedDense.a328' does not depend on any axioms
'StagedDense.a337' does not depend on any axioms
'StagedDense.a338' does not depend on any axioms
'StagedDense.a336' does not depend on any axioms
'StagedDense.a340' does not depend on any axioms
'StagedDense.a341' does not depend on any axioms
'StagedDense.a339' does not depend on any axioms
'StagedDense.a335' does not depend on any axioms
'StagedDense.a327' does not depend on any axioms
'StagedDense.a345' does not depend on any axioms
'StagedDense.a346' does not depend on any axioms
'StagedDense.a344' does not depend on any axioms
'StagedDense.a348' does not depend on any axioms
'StagedDense.a349' does not depend on any axioms
'StagedDense.a347' does not depend on any axioms
'StagedDense.a343' does not depend on any axioms
'StagedDense.a352' does not depend on any axioms
'StagedDense.a353' does not depend on any axioms
'StagedDense.a351' does not depend on any axioms
'StagedDense.a355' does not depend on any axioms
'StagedDense.a356' does not depend on any axioms
'StagedDense.a354' does not depend on any axioms
'StagedDense.a350' does not depend on any axioms
'StagedDense.a342' does not depend on any axioms
'StagedDense.a326' does not depend on any axioms
'StagedDense.a361' does not depend on any axioms
'StagedDense.a362' does not depend on any axioms
'StagedDense.a360' does not depend on any axioms
'StagedDense.a364' does not depend on any axioms
'StagedDense.a365' does not depend on any axioms
'StagedDense.a363' does not depend on any axioms
'StagedDense.a359' does not depend on any axioms
'StagedDense.a368' does not depend on any axioms
'StagedDense.a369' does not depend on any axioms
'StagedDense.a367' does not depend on any axioms
'StagedDense.a371' does not depend on any axioms
'StagedDense.a372' does not depend on any axioms
'StagedDense.a370' does not depend on any axioms
'StagedDense.a366' does not depend on any axioms
'StagedDense.a358' does not depend on any axioms
'StagedDense.a376' does not depend on any axioms
'StagedDense.a377' does not depend on any axioms
'StagedDense.a375' does not depend on any axioms
'StagedDense.a379' does not depend on any axioms
'StagedDense.a380' does not depend on any axioms
'StagedDense.a378' does not depend on any axioms
'StagedDense.a374' does not depend on any axioms
'StagedDense.a383' does not depend on any axioms
'StagedDense.a384' does not depend on any axioms
'StagedDense.a382' does not depend on any axioms
'StagedDense.a386' does not depend on any axioms
'StagedDense.a387' does not depend on any axioms
'StagedDense.a385' does not depend on any axioms
'StagedDense.a381' does not depend on any axioms
'StagedDense.a373' does not depend on any axioms
'StagedDense.a357' does not depend on any axioms
'StagedDense.a325' does not depend on any axioms
'StagedDense.a263' does not depend on any axioms
'StagedDense.a149' does not depend on any axioms
'StagedDense.c0' depends on axioms: [propext, Quot.sound]
'StagedDense.c388' does not depend on any axioms
'StagedDense.a395' does not depend on any axioms
'StagedDense.a397' does not depend on any axioms
'StagedDense.a398' does not depend on any axioms
'StagedDense.a396' does not depend on any axioms
'StagedDense.a394' does not depend on any axioms
'StagedDense.a401' does not depend on any axioms
'StagedDense.a402' does not depend on any axioms
'StagedDense.a400' does not depend on any axioms
'StagedDense.a404' does not depend on any axioms
'StagedDense.a405' does not depend on any axioms
'StagedDense.a403' does not depend on any axioms
'StagedDense.a399' does not depend on any axioms
'StagedDense.a393' does not depend on any axioms
'StagedDense.a409' does not depend on any axioms
'StagedDense.a410' does not depend on any axioms
'StagedDense.a408' does not depend on any axioms
'StagedDense.a412' does not depend on any axioms
'StagedDense.a413' does not depend on any axioms
'StagedDense.a411' does not depend on any axioms
'StagedDense.a407' does not depend on any axioms
'StagedDense.a416' does not depend on any axioms
'StagedDense.a417' does not depend on any axioms
'StagedDense.a415' does not depend on any axioms
'StagedDense.a419' does not depend on any axioms
'StagedDense.a420' does not depend on any axioms
'StagedDense.a418' does not depend on any axioms
'StagedDense.a414' does not depend on any axioms
'StagedDense.a406' does not depend on any axioms
'StagedDense.a392' does not depend on any axioms
'StagedDense.a425' does not depend on any axioms
'StagedDense.a426' does not depend on any axioms
'StagedDense.a424' does not depend on any axioms
'StagedDense.a428' does not depend on any axioms
'StagedDense.a429' does not depend on any axioms
'StagedDense.a427' does not depend on any axioms
'StagedDense.a423' does not depend on any axioms
'StagedDense.a432' does not depend on any axioms
'StagedDense.a433' does not depend on any axioms
'StagedDense.a431' does not depend on any axioms
'StagedDense.a435' does not depend on any axioms
'StagedDense.a436' does not depend on any axioms
'StagedDense.a434' does not depend on any axioms
'StagedDense.a430' does not depend on any axioms
'StagedDense.a422' does not depend on any axioms
'StagedDense.a440' does not depend on any axioms
'StagedDense.a441' does not depend on any axioms
'StagedDense.a439' does not depend on any axioms
'StagedDense.a443' does not depend on any axioms
'StagedDense.a444' does not depend on any axioms
'StagedDense.a442' does not depend on any axioms
'StagedDense.a438' does not depend on any axioms
'StagedDense.a447' does not depend on any axioms
'StagedDense.a448' does not depend on any axioms
'StagedDense.a446' does not depend on any axioms
'StagedDense.a450' does not depend on any axioms
'StagedDense.a451' does not depend on any axioms
'StagedDense.a449' does not depend on any axioms
'StagedDense.a445' does not depend on any axioms
'StagedDense.a437' does not depend on any axioms
'StagedDense.a421' does not depend on any axioms
'StagedDense.a391' does not depend on any axioms
'StagedDense.a457' does not depend on any axioms
'StagedDense.a458' does not depend on any axioms
'StagedDense.a456' does not depend on any axioms
'StagedDense.a460' does not depend on any axioms
'StagedDense.a461' does not depend on any axioms
'StagedDense.a459' does not depend on any axioms
'StagedDense.a455' does not depend on any axioms
'StagedDense.a464' does not depend on any axioms
'StagedDense.a465' does not depend on any axioms
'StagedDense.a463' does not depend on any axioms
'StagedDense.a467' does not depend on any axioms
'StagedDense.a468' does not depend on any axioms
'StagedDense.a466' does not depend on any axioms
'StagedDense.a462' does not depend on any axioms
'StagedDense.a454' does not depend on any axioms
'StagedDense.a472' does not depend on any axioms
'StagedDense.a473' does not depend on any axioms
'StagedDense.a471' does not depend on any axioms
'StagedDense.a475' does not depend on any axioms
'StagedDense.a476' does not depend on any axioms
'StagedDense.a474' does not depend on any axioms
'StagedDense.a470' does not depend on any axioms
'StagedDense.a479' does not depend on any axioms
'StagedDense.a480' does not depend on any axioms
'StagedDense.a478' does not depend on any axioms
'StagedDense.a482' does not depend on any axioms
'StagedDense.a483' does not depend on any axioms
'StagedDense.a481' does not depend on any axioms
'StagedDense.a477' does not depend on any axioms
'StagedDense.a469' does not depend on any axioms
'StagedDense.a453' does not depend on any axioms
'StagedDense.a488' does not depend on any axioms
'StagedDense.a489' does not depend on any axioms
'StagedDense.a487' does not depend on any axioms
'StagedDense.a491' does not depend on any axioms
'StagedDense.a492' does not depend on any axioms
'StagedDense.a490' does not depend on any axioms
'StagedDense.a486' does not depend on any axioms
'StagedDense.a495' does not depend on any axioms
'StagedDense.a496' does not depend on any axioms
'StagedDense.a494' does not depend on any axioms
'StagedDense.a498' does not depend on any axioms
'StagedDense.a499' does not depend on any axioms
'StagedDense.a497' does not depend on any axioms
'StagedDense.a493' does not depend on any axioms
'StagedDense.a485' does not depend on any axioms
'StagedDense.a503' does not depend on any axioms
'StagedDense.a504' does not depend on any axioms
'StagedDense.a502' does not depend on any axioms
'StagedDense.a506' does not depend on any axioms
'StagedDense.a507' does not depend on any axioms
'StagedDense.a505' does not depend on any axioms
'StagedDense.a501' does not depend on any axioms
'StagedDense.a510' does not depend on any axioms
'StagedDense.a511' does not depend on any axioms
'StagedDense.a509' does not depend on any axioms
'StagedDense.a513' does not depend on any axioms
'StagedDense.a514' does not depend on any axioms
'StagedDense.a512' does not depend on any axioms
'StagedDense.a508' does not depend on any axioms
'StagedDense.a500' does not depend on any axioms
'StagedDense.a484' does not depend on any axioms
'StagedDense.a452' does not depend on any axioms
'StagedDense.a390' does not depend on any axioms
'StagedDense.a521' does not depend on any axioms
'StagedDense.a522' does not depend on any axioms
'StagedDense.a520' does not depend on any axioms
'StagedDense.a524' does not depend on any axioms
'StagedDense.a525' does not depend on any axioms
'StagedDense.a523' does not depend on any axioms
'StagedDense.a519' does not depend on any axioms
'StagedDense.a528' does not depend on any axioms
'StagedDense.a529' does not depend on any axioms
'StagedDense.a527' does not depend on any axioms
'StagedDense.a531' does not depend on any axioms
'StagedDense.a532' does not depend on any axioms
'StagedDense.a530' does not depend on any axioms
'StagedDense.a526' does not depend on any axioms
'StagedDense.a518' does not depend on any axioms
'StagedDense.a536' does not depend on any axioms
'StagedDense.a537' does not depend on any axioms
'StagedDense.a535' does not depend on any axioms
'StagedDense.a539' does not depend on any axioms
'StagedDense.a540' does not depend on any axioms
'StagedDense.a538' does not depend on any axioms
'StagedDense.a534' does not depend on any axioms
'StagedDense.a543' does not depend on any axioms
'StagedDense.a544' does not depend on any axioms
'StagedDense.a542' does not depend on any axioms
'StagedDense.a546' does not depend on any axioms
'StagedDense.a547' does not depend on any axioms
'StagedDense.a545' does not depend on any axioms
'StagedDense.a541' does not depend on any axioms
'StagedDense.a533' does not depend on any axioms
'StagedDense.a517' does not depend on any axioms
'StagedDense.a552' does not depend on any axioms
'StagedDense.a553' does not depend on any axioms
'StagedDense.a551' does not depend on any axioms
'StagedDense.a555' does not depend on any axioms
'StagedDense.a556' does not depend on any axioms
'StagedDense.a554' does not depend on any axioms
'StagedDense.a550' does not depend on any axioms
'StagedDense.a559' does not depend on any axioms
'StagedDense.a560' does not depend on any axioms
'StagedDense.a558' does not depend on any axioms
'StagedDense.a562' does not depend on any axioms
'StagedDense.a563' does not depend on any axioms
'StagedDense.a561' does not depend on any axioms
'StagedDense.a557' does not depend on any axioms
'StagedDense.a549' does not depend on any axioms
'StagedDense.a567' does not depend on any axioms
'StagedDense.a568' does not depend on any axioms
'StagedDense.a566' does not depend on any axioms
'StagedDense.a570' does not depend on any axioms
'StagedDense.a571' does not depend on any axioms
'StagedDense.a569' does not depend on any axioms
'StagedDense.a565' does not depend on any axioms
'StagedDense.a574' does not depend on any axioms
'StagedDense.a575' does not depend on any axioms
'StagedDense.a573' does not depend on any axioms
'StagedDense.a577' does not depend on any axioms
'StagedDense.a578' does not depend on any axioms
'StagedDense.a576' does not depend on any axioms
'StagedDense.a572' does not depend on any axioms
'StagedDense.a564' does not depend on any axioms
'StagedDense.a548' does not depend on any axioms
'StagedDense.a516' does not depend on any axioms
'StagedDense.a584' does not depend on any axioms
'StagedDense.a585' does not depend on any axioms
'StagedDense.a583' does not depend on any axioms
'StagedDense.a587' does not depend on any axioms
'StagedDense.a588' does not depend on any axioms
'StagedDense.a586' does not depend on any axioms
'StagedDense.a582' does not depend on any axioms
'StagedDense.a591' does not depend on any axioms
'StagedDense.a592' does not depend on any axioms
'StagedDense.a590' does not depend on any axioms
'StagedDense.a594' does not depend on any axioms
'StagedDense.a595' does not depend on any axioms
'StagedDense.a593' does not depend on any axioms
'StagedDense.a589' does not depend on any axioms
'StagedDense.a581' does not depend on any axioms
'StagedDense.a599' does not depend on any axioms
'StagedDense.a600' does not depend on any axioms
'StagedDense.a598' does not depend on any axioms
'StagedDense.a602' does not depend on any axioms
'StagedDense.a603' does not depend on any axioms
'StagedDense.a601' does not depend on any axioms
'StagedDense.a597' does not depend on any axioms
'StagedDense.a606' does not depend on any axioms
'StagedDense.a607' does not depend on any axioms
'StagedDense.a605' does not depend on any axioms
'StagedDense.a609' does not depend on any axioms
'StagedDense.a610' does not depend on any axioms
'StagedDense.a608' does not depend on any axioms
'StagedDense.a604' does not depend on any axioms
'StagedDense.a596' does not depend on any axioms
'StagedDense.a580' does not depend on any axioms
'StagedDense.a615' does not depend on any axioms
'StagedDense.a616' does not depend on any axioms
'StagedDense.a614' does not depend on any axioms
'StagedDense.a618' does not depend on any axioms
'StagedDense.a619' does not depend on any axioms
'StagedDense.a617' does not depend on any axioms
'StagedDense.a613' does not depend on any axioms
'StagedDense.a622' does not depend on any axioms
'StagedDense.a623' does not depend on any axioms
'StagedDense.a621' does not depend on any axioms
'StagedDense.a625' does not depend on any axioms
'StagedDense.a626' does not depend on any axioms
'StagedDense.a624' does not depend on any axioms
'StagedDense.a620' does not depend on any axioms
'StagedDense.a612' does not depend on any axioms
'StagedDense.a630' does not depend on any axioms
'StagedDense.a631' does not depend on any axioms
'StagedDense.a629' does not depend on any axioms
'StagedDense.a633' does not depend on any axioms
'StagedDense.a634' does not depend on any axioms
'StagedDense.a632' does not depend on any axioms
'StagedDense.a628' does not depend on any axioms
'StagedDense.a637' does not depend on any axioms
'StagedDense.a638' does not depend on any axioms
'StagedDense.a636' does not depend on any axioms
'StagedDense.a640' does not depend on any axioms
'StagedDense.a641' does not depend on any axioms
'StagedDense.a639' does not depend on any axioms
'StagedDense.a635' does not depend on any axioms
'StagedDense.a627' does not depend on any axioms
'StagedDense.a611' does not depend on any axioms
'StagedDense.a579' does not depend on any axioms
'StagedDense.a515' does not depend on any axioms
'StagedDense.a389' does not depend on any axioms
'StagedDense.a648' does not depend on any axioms
'StagedDense.a649' does not depend on any axioms
'StagedDense.a647' does not depend on any axioms
'StagedDense.a651' does not depend on any axioms
'StagedDense.a653' does not depend on any axioms
'StagedDense.a654' does not depend on any axioms
'StagedDense.a652' does not depend on any axioms
'StagedDense.a650' does not depend on any axioms
'StagedDense.a646' does not depend on any axioms
'StagedDense.a657' does not depend on any axioms
'StagedDense.a659' does not depend on any axioms
'StagedDense.a660' does not depend on any axioms
'StagedDense.a658' does not depend on any axioms
'StagedDense.a656' does not depend on any axioms
'StagedDense.a663' does not depend on any axioms
'StagedDense.a664' does not depend on any axioms
'StagedDense.a662' does not depend on any axioms
'StagedDense.a666' does not depend on any axioms
'StagedDense.a667' does not depend on any axioms
'StagedDense.a665' does not depend on any axioms
'StagedDense.a661' does not depend on any axioms
'StagedDense.a655' does not depend on any axioms
'StagedDense.a645' does not depend on any axioms
'StagedDense.a671' does not depend on any axioms
'StagedDense.a673' does not depend on any axioms
'StagedDense.a674' does not depend on any axioms
'StagedDense.a672' does not depend on any axioms
'StagedDense.a670' does not depend on any axioms
'StagedDense.a677' does not depend on any axioms
'StagedDense.a678' does not depend on any axioms
'StagedDense.a676' does not depend on any axioms
'StagedDense.a680' does not depend on any axioms
'StagedDense.a681' does not depend on any axioms
'StagedDense.a679' does not depend on any axioms
'StagedDense.a675' does not depend on any axioms
'StagedDense.a669' does not depend on any axioms
'StagedDense.a685' does not depend on any axioms
'StagedDense.a686' does not depend on any axioms
'StagedDense.a684' does not depend on any axioms
'StagedDense.a688' does not depend on any axioms
'StagedDense.a689' does not depend on any axioms
'StagedDense.a687' does not depend on any axioms
'StagedDense.a683' does not depend on any axioms
'StagedDense.a692' does not depend on any axioms
'StagedDense.a693' does not depend on any axioms
'StagedDense.a691' does not depend on any axioms
'StagedDense.a695' does not depend on any axioms
'StagedDense.a696' does not depend on any axioms
'StagedDense.a694' does not depend on any axioms
'StagedDense.a690' does not depend on any axioms
'StagedDense.a682' does not depend on any axioms
'StagedDense.a668' does not depend on any axioms
'StagedDense.a644' does not depend on any axioms
'StagedDense.a701' does not depend on any axioms
'StagedDense.a703' does not depend on any axioms
'StagedDense.a704' does not depend on any axioms
'StagedDense.a702' does not depend on any axioms
'StagedDense.a700' does not depend on any axioms
'StagedDense.a707' does not depend on any axioms
'StagedDense.a708' does not depend on any axioms
'StagedDense.a706' does not depend on any axioms
'StagedDense.a710' does not depend on any axioms
'StagedDense.a711' does not depend on any axioms
'StagedDense.a709' does not depend on any axioms
'StagedDense.a705' does not depend on any axioms
'StagedDense.a699' does not depend on any axioms
'StagedDense.a715' does not depend on any axioms
'StagedDense.a716' does not depend on any axioms
'StagedDense.a714' does not depend on any axioms
'StagedDense.a718' does not depend on any axioms
'StagedDense.a719' does not depend on any axioms
'StagedDense.a717' does not depend on any axioms
'StagedDense.a713' does not depend on any axioms
'StagedDense.a722' does not depend on any axioms
'StagedDense.a723' does not depend on any axioms
'StagedDense.a721' does not depend on any axioms
'StagedDense.a725' does not depend on any axioms
'StagedDense.a726' does not depend on any axioms
'StagedDense.a724' does not depend on any axioms
'StagedDense.a720' does not depend on any axioms
'StagedDense.a712' does not depend on any axioms
'StagedDense.a698' does not depend on any axioms
'StagedDense.a731' does not depend on any axioms
'StagedDense.a732' does not depend on any axioms
'StagedDense.a730' does not depend on any axioms
'StagedDense.a734' does not depend on any axioms
'StagedDense.a735' does not depend on any axioms
'StagedDense.a733' does not depend on any axioms
'StagedDense.a729' does not depend on any axioms
'StagedDense.a738' does not depend on any axioms
'StagedDense.a739' does not depend on any axioms
'StagedDense.a737' does not depend on any axioms
'StagedDense.a741' does not depend on any axioms
'StagedDense.a742' does not depend on any axioms
'StagedDense.a740' does not depend on any axioms
'StagedDense.a736' does not depend on any axioms
'StagedDense.a728' does not depend on any axioms
'StagedDense.a746' does not depend on any axioms
'StagedDense.a747' does not depend on any axioms
'StagedDense.a745' does not depend on any axioms
'StagedDense.a749' does not depend on any axioms
'StagedDense.a750' does not depend on any axioms
'StagedDense.a748' does not depend on any axioms
'StagedDense.a744' does not depend on any axioms
'StagedDense.a753' does not depend on any axioms
'StagedDense.a754' does not depend on any axioms
'StagedDense.a752' does not depend on any axioms
'StagedDense.a756' does not depend on any axioms
'StagedDense.a757' does not depend on any axioms
'StagedDense.a755' does not depend on any axioms
'StagedDense.a751' does not depend on any axioms
'StagedDense.a743' does not depend on any axioms
'StagedDense.a727' does not depend on any axioms
'StagedDense.a697' does not depend on any axioms
'StagedDense.a643' does not depend on any axioms
'StagedDense.a763' does not depend on any axioms
'StagedDense.a765' does not depend on any axioms
'StagedDense.a766' does not depend on any axioms
'StagedDense.a764' does not depend on any axioms
'StagedDense.a762' does not depend on any axioms
'StagedDense.a769' does not depend on any axioms
'StagedDense.a770' does not depend on any axioms
'StagedDense.a768' does not depend on any axioms
'StagedDense.a772' does not depend on any axioms
'StagedDense.a773' does not depend on any axioms
'StagedDense.a771' does not depend on any axioms
'StagedDense.a767' does not depend on any axioms
'StagedDense.a761' does not depend on any axioms
'StagedDense.a777' does not depend on any axioms
'StagedDense.a778' does not depend on any axioms
'StagedDense.a776' does not depend on any axioms
'StagedDense.a780' does not depend on any axioms
'StagedDense.a781' does not depend on any axioms
'StagedDense.a779' does not depend on any axioms
'StagedDense.a775' does not depend on any axioms
'StagedDense.a784' does not depend on any axioms
'StagedDense.a785' does not depend on any axioms
'StagedDense.a783' does not depend on any axioms
'StagedDense.a787' does not depend on any axioms
'StagedDense.a788' does not depend on any axioms
'StagedDense.a786' does not depend on any axioms
'StagedDense.a782' does not depend on any axioms
'StagedDense.a774' does not depend on any axioms
'StagedDense.a760' does not depend on any axioms
'StagedDense.a793' does not depend on any axioms
'StagedDense.a794' does not depend on any axioms
'StagedDense.a792' does not depend on any axioms
'StagedDense.a796' does not depend on any axioms
'StagedDense.a797' does not depend on any axioms
'StagedDense.a795' does not depend on any axioms
'StagedDense.a791' does not depend on any axioms
'StagedDense.a800' does not depend on any axioms
'StagedDense.a801' does not depend on any axioms
'StagedDense.a799' does not depend on any axioms
'StagedDense.a803' does not depend on any axioms
'StagedDense.a804' does not depend on any axioms
'StagedDense.a802' does not depend on any axioms
'StagedDense.a798' does not depend on any axioms
'StagedDense.a790' does not depend on any axioms
'StagedDense.a808' does not depend on any axioms
'StagedDense.a809' does not depend on any axioms
'StagedDense.a807' does not depend on any axioms
'StagedDense.a811' does not depend on any axioms
'StagedDense.a812' does not depend on any axioms
'StagedDense.a810' does not depend on any axioms
'StagedDense.a806' does not depend on any axioms
'StagedDense.a815' does not depend on any axioms
'StagedDense.a816' does not depend on any axioms
'StagedDense.a814' does not depend on any axioms
'StagedDense.a818' does not depend on any axioms
'StagedDense.a819' does not depend on any axioms
'StagedDense.a817' does not depend on any axioms
'StagedDense.a813' does not depend on any axioms
'StagedDense.a805' does not depend on any axioms
'StagedDense.a789' does not depend on any axioms
'StagedDense.a759' does not depend on any axioms
'StagedDense.a825' does not depend on any axioms
'StagedDense.a826' does not depend on any axioms
'StagedDense.a824' does not depend on any axioms
'StagedDense.a828' does not depend on any axioms
'StagedDense.a829' does not depend on any axioms
'StagedDense.a827' does not depend on any axioms
'StagedDense.a823' does not depend on any axioms
'StagedDense.a832' does not depend on any axioms
'StagedDense.a833' does not depend on any axioms
'StagedDense.a831' does not depend on any axioms
'StagedDense.a835' does not depend on any axioms
'StagedDense.a836' does not depend on any axioms
'StagedDense.a834' does not depend on any axioms
'StagedDense.a830' does not depend on any axioms
'StagedDense.a822' does not depend on any axioms
'StagedDense.a840' does not depend on any axioms
'StagedDense.a841' does not depend on any axioms
'StagedDense.a839' does not depend on any axioms
'StagedDense.a843' does not depend on any axioms
'StagedDense.a844' does not depend on any axioms
'StagedDense.a842' does not depend on any axioms
'StagedDense.a838' does not depend on any axioms
'StagedDense.a847' does not depend on any axioms
'StagedDense.a848' does not depend on any axioms
'StagedDense.a846' does not depend on any axioms
'StagedDense.a850' does not depend on any axioms
'StagedDense.a851' does not depend on any axioms
'StagedDense.a849' does not depend on any axioms
'StagedDense.a845' does not depend on any axioms
'StagedDense.a837' does not depend on any axioms
'StagedDense.a821' does not depend on any axioms
'StagedDense.a856' does not depend on any axioms
'StagedDense.a857' does not depend on any axioms
'StagedDense.a855' does not depend on any axioms
'StagedDense.a859' does not depend on any axioms
'StagedDense.a860' does not depend on any axioms
'StagedDense.a858' does not depend on any axioms
'StagedDense.a854' does not depend on any axioms
'StagedDense.a863' does not depend on any axioms
'StagedDense.a864' does not depend on any axioms
'StagedDense.a862' does not depend on any axioms
'StagedDense.a866' does not depend on any axioms
'StagedDense.a867' does not depend on any axioms
'StagedDense.a865' does not depend on any axioms
'StagedDense.a861' does not depend on any axioms
'StagedDense.a853' does not depend on any axioms
'StagedDense.a871' does not depend on any axioms
'StagedDense.a872' does not depend on any axioms
'StagedDense.a870' does not depend on any axioms
'StagedDense.a874' does not depend on any axioms
'StagedDense.a875' does not depend on any axioms
'StagedDense.a873' does not depend on any axioms
'StagedDense.a869' does not depend on any axioms
'StagedDense.a878' does not depend on any axioms
'StagedDense.a879' does not depend on any axioms
'StagedDense.a877' does not depend on any axioms
'StagedDense.a881' does not depend on any axioms
'StagedDense.a882' does not depend on any axioms
'StagedDense.a880' does not depend on any axioms
'StagedDense.a876' does not depend on any axioms
'StagedDense.a868' does not depend on any axioms
'StagedDense.a852' does not depend on any axioms
'StagedDense.a820' does not depend on any axioms
'StagedDense.a758' does not depend on any axioms
'StagedDense.a642' does not depend on any axioms
'StagedDense.pipe' depends on axioms: [propext, Quot.sound]
'StagedDense.result' depends on axioms: [propext, Quot.sound]
'PCSDD.Controls.isum_of_plan' depends on axioms: [propext]
