/workspace/.onboarding/omega/replicate-20261011/RejectOriginal.lean:5:54: error: Tactic `decide` proved that the proposition
  ((false || (!false || false)) && (!false && (false && false))) =
    (false || (!false || false) || !false && (false && false))
is false
/workspace/.onboarding/omega/replicate-20261011/RejectOriginal.lean:5:54: error: Tactic `decide` proved that the proposition
  ((false || (!false || false)) && (!false && (false && false))) =
    (false || (!false || false) || !false && (false && false))
is false
/workspace/.onboarding/omega/replicate-20261011/RejectOriginal.lean:5:54: error: Tactic `decide` proved that the proposition
  ((true || (!true || false)) && (!false && (false && true))) = (true || (!true || false) || !false && (false && true))
is false
/workspace/.onboarding/omega/replicate-20261011/RejectOriginal.lean:5:54: error: Tactic `decide` proved that the proposition
  ((true || (!true || false)) && (!false && (false && true))) = (true || (!true || false) || !false && (false && true))
is false
/workspace/.onboarding/omega/replicate-20261011/RejectOriginal.lean:5:54: error: Tactic `decide` proved that the proposition
  ((false || (!false || true)) && (!true && (true && false))) = (false || (!false || true) || !true && (true && false))
is false
/workspace/.onboarding/omega/replicate-20261011/RejectOriginal.lean:5:54: error: Tactic `decide` proved that the proposition
  ((false || (!false || true)) && (!true && (true && false))) = (false || (!false || true) || !true && (true && false))
is false
/workspace/.onboarding/omega/replicate-20261011/RejectOriginal.lean:5:54: error: Tactic `decide` proved that the proposition
  ((true || (!true || true)) && (!true && (true && true))) = (true || (!true || true) || !true && (true && true))
is false
/workspace/.onboarding/omega/replicate-20261011/RejectOriginal.lean:5:54: error: Tactic `decide` proved that the proposition
  ((true || (!true || true)) && (!true && (true && true))) = (true || (!true || true) || !true && (true && true))
is false
/workspace/.onboarding/omega/replicate-20261011/RejectOriginal.lean:5:54: error: Tactic `decide` proved that the proposition
  ((false || (!false || false)) && (!false && (false && false))) =
    (false || (!false || false) || !false && (false && false))
is false
/workspace/.onboarding/omega/replicate-20261011/RejectOriginal.lean:5:54: error: Tactic `decide` proved that the proposition
  ((false || (!false || false)) && (!false && (false && false))) =
    (false || (!false || false) || !false && (false && false))
is false
/workspace/.onboarding/omega/replicate-20261011/RejectOriginal.lean:5:54: error: Tactic `decide` proved that the proposition
  ((true || (!true || false)) && (!false && (false && true))) = (true || (!true || false) || !false && (false && true))
is false
/workspace/.onboarding/omega/replicate-20261011/RejectOriginal.lean:5:54: error: Tactic `decide` proved that the proposition
  ((true || (!true || false)) && (!false && (false && true))) = (true || (!true || false) || !false && (false && true))
is false
/workspace/.onboarding/omega/replicate-20261011/RejectOriginal.lean:5:54: error: Tactic `decide` proved that the proposition
  ((false || (!false || true)) && (!true && (true && false))) = (false || (!false || true) || !true && (true && false))
is false
/workspace/.onboarding/omega/replicate-20261011/RejectOriginal.lean:5:54: error: Tactic `decide` proved that the proposition
  ((false || (!false || true)) && (!true && (true && false))) = (false || (!false || true) || !true && (true && false))
is false
/workspace/.onboarding/omega/replicate-20261011/RejectOriginal.lean:5:54: error: Tactic `decide` proved that the proposition
  ((true || (!true || true)) && (!true && (true && true))) = (true || (!true || true) || !true && (true && true))
is false
/workspace/.onboarding/omega/replicate-20261011/RejectOriginal.lean:5:54: error: Tactic `decide` proved that the proposition
  ((true || (!true || true)) && (!true && (true && true))) = (true || (!true || true) || !true && (true && true))
is false
'omega_equivalence' depends on axioms: [sorryAx]
