'PCSDD.BOp.app_comm' does not depend on any axioms
'PCSDD.findNode_some' depends on axioms: [propext, Quot.sound]
'PCSDD.findNode_none' depends on axioms: [propext, Quot.sound]
'PCSDD.Inv.empty' depends on axioms: [propext, Quot.sound]
'PCSDD.MemoOK.extend' depends on axioms: [propext, Quot.sound]
'PCSDD.mkNode_spec' depends on axioms: [propext, Quot.sound]
'PCSDD.memoLookup_mem' depends on axioms: [propext, Quot.sound]
'PCSDD.evalD_terminal' depends on axioms: [propext, Quot.sound]
'PCSDD.termOp_spec' depends on axioms: [propext, Quot.sound]
'PCSDD.cof_spec' depends on axioms: [propext, Quot.sound]
'PCSDD.topVar_lt_of_ge2' depends on axioms: [propext, Quot.sound]
'PCSDD.apply_spec' depends on axioms: [propext, Classical.choice, Quot.sound]
'PCSDD.apply_ops_le' depends on axioms: [propext, Classical.choice, Quot.sound]
'PCSDD.apply_exhausted' depends on axioms: [propext, Quot.sound]
'PCSDD.Inv.visits' depends on axioms: [propext, Quot.sound]
'PCSDD.Inv.wsteps' depends on axioms: [propext, Quot.sound]
'PCSDD.compile_spec' depends on axioms: [propext, Classical.choice, Quot.sound]
'PCSDD.cellRec_zero' depends on axioms: [propext, Quot.sound]
'PCSDD.cellRec_one' depends on axioms: [propext, Quot.sound]
'PCSDD.cellRec_node' depends on axioms: [propext, Quot.sound]
'PCSDD.mem_candL' depends on axioms: [propext, Classical.choice, Quot.sound]
'PCSDD.branch_split' depends on axioms: [propext, Classical.choice, Quot.sound]
'PCSDD.candL_split' depends on axioms: [propext, Classical.choice, Quot.sound]
'PCSDD.summ_branch' depends on axioms: [propext, Classical.choice, Quot.sound]
'PCSDD.comb_bcell_skip' depends on axioms: [propext, Quot.sound]
'PCSDD.summ_cellRec' depends on axioms: [propext, Classical.choice, Quot.sound]
'PCSDD.Denotes.extend' depends on axioms: [propext, Quot.sound]
'PCSDD.RootsOK.extend' depends on axioms: [propext, Quot.sound]
'PCSDD.allEval_append' depends on axioms: [propext]
'PCSDD.allEval_take' depends on axioms: [propext, Quot.sound]
'PCSDD.conjList_spec' depends on axioms: [propext, Classical.choice, Quot.sound]
'PCSDD.denotes_one' depends on axioms: [propext, Quot.sound]
'PCSDD.premLoop_spec' depends on axioms: [propext, Classical.choice, Quot.sound]
'PCSDD.allEval_pick_iff' depends on axioms: [propext, Quot.sound]
'PCSDD.RootsOK.pick' depends on axioms: [propext, Quot.sound]
'PCSDD.SatSet.mono' depends on axioms: [propext]
'PCSDD.shrink_spec' depends on axioms: [propext, Classical.choice, Quot.sound]
'PCSDD.coreWits_spec' depends on axioms: [propext, Classical.choice, Quot.sound]
'PCSDD.verify_iff' depends on axioms: [propext, Quot.sound]
'PCSDD.check_flags' depends on axioms: [propext]
'PCSDD.check_resource_limit' depends on axioms: [propext]
'PCSDD.premAt_eq' depends on axioms: [propext, Quot.sound]
'PCSDD.pipeline_premises' depends on axioms: [propext, Classical.choice, Quot.sound]
'PCSDD.check_inconsistent' depends on axioms: [propext, Classical.choice, Quot.sound]
'PCSDD.pipeline_decided' depends on axioms: [propext, Classical.choice, Quot.sound]
'PCSDD.check_equivalent' depends on axioms: [propext, Classical.choice, Quot.sound]
'PCSDD.check_counterexample' depends on axioms: [propext, Classical.choice, Quot.sound]
'PCSDD.evalD_zero' depends on axioms: [propext, Quot.sound]
'PCSDD.evalD_one' depends on axioms: [propext, Quot.sound]
'PCSDD.getNode_idx' depends on axioms: [propext]
'PCSDD.getNode_lt' depends on axioms: [propext, Quot.sound]
'PCSDD.getNode_none_of_ge' depends on axioms: [propext, Quot.sound]
'PCSDD.evalD_node' depends on axioms: [propext, Quot.sound]
'PCSDD.Valid.node' depends on axioms: [propext, Quot.sound]
'PCSDD.topVar_le' depends on axioms: [propext, Quot.sound]
'PCSDD.topVar_terminal' depends on axioms: [propext]
'PCSDD.topVar_node' depends on axioms: [propext]
'PCSDD.evalD_support' depends on axioms: [propext, Quot.sound]
'PCSDD.evalD_shannon' depends on axioms: [propext, Quot.sound]
'PCSDD.Extends.refl' does not depend on any axioms
'PCSDD.Extends.trans' depends on axioms: [propext, Quot.sound]
'PCSDD.Extends.push' depends on axioms: [propext]
'PCSDD.Extends.getNode' depends on axioms: [propext, Quot.sound]
'PCSDD.Extends.topVar' depends on axioms: [propext, Quot.sound]
'PCSDD.evalD_extend' depends on axioms: [propext, Quot.sound]
'PCSDD.exists_sat_unsat' depends on axioms: [propext, Classical.choice, Quot.sound]
'PCSDD.eq_zero_iff_unsat' depends on axioms: [propext, Classical.choice, Quot.sound]
'PCSDD.eq_one_iff_valid' depends on axioms: [propext, Classical.choice, Quot.sound]
'PCSDD.getNode_some_of_ge2' depends on axioms: [propext, Quot.sound]
'PCSDD.children_agree' depends on axioms: [propext, Quot.sound]
'PCSDD.children_agree_same' depends on axioms: [propext, Quot.sound]
'PCSDD.canonical' depends on axioms: [propext, Quot.sound]
'PCSDD.canonical'' depends on axioms: [propext, Quot.sound]
'PCSDD.IReceipt.verify_iff' depends on axioms: [propext, Quot.sound]
'PCSDD.IReceipt.verify_rejects' depends on axioms: [propext, Quot.sound]
'PCSDD.IReceipt.verify_rejects_changed' depends on axioms: [propext, Quot.sound]
'PCSDD.strictSorted_nodup' depends on axioms: [propext, Quot.sound]
'PCSDD.validFacts' depends on axioms: [propext, Quot.sound]
'PCSDD.check_decided' depends on axioms: [propext, Classical.choice, Quot.sound]
'PCSDD.feasible_iff' depends on axioms: [propext, Quot.sound]
'PCSDD.optimal_iff' depends on axioms: [propext, Quot.sound]
'PCSDD.guard_iff' depends on axioms: [propext, Quot.sound]
'PCSDD.plan_valid' depends on axioms: [propext]
'PCSDD.plan_cases' depends on axioms: [propext, Classical.choice, Quot.sound]
'PCSDD.plan_ok' depends on axioms: [propext, Classical.choice, Quot.sound]
'PCSDD.plan_resource_limit' depends on axioms: [propext, Classical.choice, Quot.sound]
'PCSDD.plan_inconsistent' depends on axioms: [propext, Classical.choice, Quot.sound]
'PCSDD.plan_no_feasible' depends on axioms: [propext, Classical.choice, Quot.sound]
'PCSDD.plan_optimal' depends on axioms: [propext, Classical.choice, Quot.sound]
'PCSDD.plan_flags' depends on axioms: [propext, Classical.choice, Quot.sound]
'PCSDD.js_safe_bounds' does not depend on any axioms
'PCSDD.audit_unfold' depends on axioms: [propext, Classical.choice, Quot.sound]
'PCSDD.audit_feasible_iff' depends on axioms: [propext, Classical.choice, Quot.sound]
'PCSDD.audit_gap' depends on axioms: [propext, Classical.choice, Quot.sound]
'PCSDD.audit_no_gap_unresolved' depends on axioms: [propext, Classical.choice, Quot.sound]
'PCSDD.audit_no_gap_infeasible' depends on axioms: [propext, Classical.choice, Quot.sound]
'PCSDD.audit_gap_present' depends on axioms: [propext, Classical.choice, Quot.sound]
'PCSDD.objL_eq' depends on axioms: [propext, Quot.sound]
'PCSDD.objL_zero' depends on axioms: [propext, Quot.sound]
'PCSDD.testBit_maskL' depends on axioms: [propext, Classical.choice, Quot.sound]
'PCSDD.maskL_zero_testBit' depends on axioms: [propext, Classical.choice, Quot.sound]
'PCSDD.locksB_iff' depends on axioms: [propext, Quot.sound]
'PCSDD.feasL_zero_iff' depends on axioms: [propext, Quot.sound]
'PCSDD.mem_candL_zero' depends on axioms: [propext, Classical.choice, Quot.sound]
'PCSDD.summ_root' depends on axioms: [propext, Classical.choice, Quot.sound]
'PCSDD.bellman_correct' depends on axioms: [propext, Classical.choice, Quot.sound]
'PCSDD.objective_le' depends on axioms: [propext, Quot.sound]
'PCSDD.bellman_bounds' depends on axioms: [propext, Classical.choice, Quot.sound]
'PCSDD.winnersCell_two' depends on axioms: [propext, Classical.choice, Quot.sound]
'PCSDD.inspect_eq' depends on axioms: [propext, Classical.choice, Quot.sound]
'PCSDD.stepCell_eq' depends on axioms: [propext, Classical.choice, Quot.sound]
'PCSDD.passUpTo_inv' depends on axioms: [propext, Classical.choice, Quot.sound]
'PCSDD.bellmanPass_spec' depends on axioms: [propext, Classical.choice, Quot.sound]
'PCSDD.choiceRec_node' depends on axioms: [propext, Quot.sound]
'PCSDD.chosen_child_some' depends on axioms: [propext, Quot.sound]
'PCSDD.walkPy_level' depends on axioms: [propext, Classical.choice, Quot.sound]
'PCSDD.walkPy_spec' depends on axioms: [propext, Classical.choice, Quot.sound]
'PCSDD.summ_min' depends on axioms: [propext, Classical.choice, Quot.sound]
'PCSDD.summ_none' depends on axioms: [propext, Classical.choice, Quot.sound]
'PCSDD.optC_cons' depends on axioms: [propext, Quot.sound]
'PCSDD.optC_skip_iff' depends on axioms: [propext, Classical.choice, Quot.sound]
'PCSDD.comb_cost_le' depends on axioms: [propext, Quot.sound]
'PCSDD.comb_lt' depends on axioms: [propext, Quot.sound]
'PCSDD.bcell_some' depends on axioms: [propext]
'PCSDD.recon_least' depends on axioms: [propext, Classical.choice, Quot.sound]
'PCSDD.recon_spec' depends on axioms: [propext, Classical.choice, Quot.sound]
'PCSDD.Summ.nil' depends on axioms: [propext]
'PCSDD.Summ.single' depends on axioms: [propext, Classical.choice, Quot.sound]
'PCSDD.Summ.unique' depends on axioms: [propext, Quot.sound]
'PCSDD.noneIff_of_some' depends on axioms: [propext]
'PCSDD.Summ.append_lt' depends on axioms: [propext, Classical.choice, Quot.sound]
'PCSDD.Summ.perm_append' depends on axioms: [propext, Quot.sound]
'PCSDD.Summ.append' depends on axioms: [propext, Classical.choice, Quot.sound]
'PCSDD.Summ.shift' depends on axioms: [propext, Classical.choice, Quot.sound]
'PCSDD.shiftCell_zero' depends on axioms: [propext, Quot.sound]
'PCSDD.shiftP_zero' depends on axioms: [propext, Quot.sound]
'PCSDD.comb_shift_pos' depends on axioms: [propext, Quot.sound]
'PCSDD.validB_iff' depends on axioms: [propext, Quot.sound]
'PCSDD.bellmanChecked_ok' depends on axioms: [propext, Classical.choice, Quot.sound]
'PCSDD.envL_zero' depends on axioms: [propext, Quot.sound]
'PCSDD.envL_cons_self' depends on axioms: [propext]
'PCSDD.envL_cons_succ' depends on axioms: [propext, Quot.sound]
'PCSDD.evalD_skip' depends on axioms: [propext, Quot.sound]
'PCSDD.evalD_level_node' depends on axioms: [propext, Quot.sound]
'PCSDD.terminal_of_topVar' depends on axioms: [propext, Classical.choice, Quot.sound]
'PCSDD.wit_eq' depends on axioms: [propext, Quot.sound]
'PCSDD.wit_length' depends on axioms: [propext, Quot.sound]
'PCSDD.wit_least' depends on axioms: [propext, Classical.choice, Quot.sound]
'PCSDD.satL_zero_iff' depends on axioms: [propext, Quot.sound]
'PCSDD.world_spec' depends on axioms: [propext, Classical.choice, Quot.sound]
'PCSDD.witSteps_eq' depends on axioms: [propext, Quot.sound]
'PCSDD.witSteps_le' depends on axioms: [propext, Quot.sound]
'PCSOmega.disagree_iff' depends on axioms: [propext]
'PCSOmega.semEquiv_iff_lists' depends on axioms: [propext, Classical.choice, Quot.sound]
'PCSOmega.check_none_iff' depends on axioms: [propext, Classical.choice, Quot.sound]
'PCSOmega.check_some_sound' depends on axioms: [propext, Classical.choice, Quot.sound]
'PCSOmega.check_some_least' depends on axioms: [propext, Classical.choice, Quot.sound]
'PCSOmega.checkReceipt_equivalent_iff' depends on axioms: [propext, Classical.choice, Quot.sound]
'PCSOmega.checkReceipt_count' depends on axioms: [propext, Quot.sound]
'PCSOmega.checkReceipt_flags' depends on axioms: [propext]
'PCSOmega.verifyCheckReceipt_iff' depends on axioms: [propext]
'PCSOmega.screen_some_not_equiv' depends on axioms: [propext]
'PCSOmega.screen_append_of_some' depends on axioms: [propext, Quot.sound]
'PCSOmega.screen_isSome_append_left' depends on axioms: [propext, Quot.sound]
'PCSOmega.screen_none_of_equiv' depends on axioms: [propext, Quot.sound]
'PCSOmega.BForm.eval_iff_holds' depends on axioms: [propext]
'PCSOmega.BForm.eval_congr' depends on axioms: [propext]
'PCSOmega.listOf_length' depends on axioms: [propext]
'PCSOmega.envOf_listOf' depends on axioms: [propext]
'PCSOmega.allAsg_zero' does not depend on any axioms
'PCSOmega.mem_allAsg' depends on axioms: [propext, Classical.choice, Quot.sound]
'PCSOmega.length_allAsg' depends on axioms: [propext, Quot.sound]
'PCSOmega.nodup_allAsg' depends on axioms: [propext, Quot.sound]
'PCSOmega.lexLt_irrefl' depends on axioms: [propext, Quot.sound]
'PCSOmega.lexLt_trans' depends on axioms: [propext, Quot.sound]
'PCSOmega.lexLt_total' depends on axioms: [propext, Classical.choice, Quot.sound]
'PCSOmega.pairwise_lexLt_allAsg' depends on axioms: [propext, Quot.sound]
'PCSOmega.IsLexLeast.unique' depends on axioms: [propext, Quot.sound]
'PCSOmega.find?_pairwise_least' depends on axioms: [propext]
'PCSOmega.isLexLeast_cons_false' depends on axioms: [propext, Quot.sound]
'PCSOmega.isLexLeast_cons_true' depends on axioms: [propext, Quot.sound]
'PCSOmega.strictSortedS_head_lt' depends on axioms: [propext, Classical.choice, Quot.sound]
'PCSOmega.strictSortedS_nodup' depends on axioms: [propext, Classical.choice, Quot.sound]
'PCSOmega.lower_eval' depends on axioms: [propext]
'PCSOmega.idxOf?_isSome_iff' depends on axioms: [propext, Quot.sound]
'PCSOmega.idxOf?_lt' depends on axioms: [propext, Classical.choice, Quot.sound]
'PCSOmega.lower_isSome_iff' depends on axioms: [propext, Classical.choice, Quot.sound]
'PCSOmega.lower_size_depth' depends on axioms: [propext]
'PCSOmega.applyAction_bounded' depends on axioms: [propext]
'PCSOmega.actionsAux_length' depends on axioms: [propext, Quot.sound]
'PCSOmega.actionsOf_length' depends on axioms: [propext, Quot.sound]
'PCSOmega.screenWork_fst' depends on axioms: [propext, Quot.sound]
'PCSOmega.screenWork_snd_le' depends on axioms: [propext, Quot.sound]
'PCSOmega.expand_solution' depends on axioms: [propext]
'PCSOmega.remember_solution' depends on axioms: [propext]
'PCSOmega.examine_solInv' depends on axioms: [propext, Classical.choice, Quot.sound]
'PCSOmega.loop_solInv' depends on axioms: [propext, Classical.choice, Quot.sound]
'PCSOmega.initState_solInv' depends on axioms: [propext, Classical.choice, Quot.sound]
'PCSOmega.search_solution_sound' depends on axioms: [propext, Classical.choice, Quot.sound]
'PCSOmega.search_status_iff' depends on axioms: [propext]
'PCSOmega.search_flags' depends on axioms: [propext]
'PCSOmega.expand_fields' depends on axioms: [propext, Quot.sound]
'PCSOmega.recordAttempt_fields' depends on axioms: [propext]
'PCSOmega.remember_fields' depends on axioms: [propext]
'PCSOmega.examine_accInv' depends on axioms: [propext, Quot.sound]
'PCSOmega.loop_accInv' depends on axioms: [propext, Quot.sound]
'PCSOmega.initState_accInv' depends on axioms: [propext, Quot.sound]
'PCSOmega.search_accounting' depends on axioms: [propext, Quot.sound]
'PCSOmega.search_checksUsed_eq' depends on axioms: [propext]
'PCSOmega.finishChecked_sol' depends on axioms: [propext, Classical.choice, Quot.sound]
'PCSOmega.finishChecked_sol'' depends on axioms: [propext, Classical.choice, Quot.sound]
'PCSOmega.replayRow_inv' depends on axioms: [propext, Classical.choice, Quot.sound]
'PCSOmega.replayRows_inv' depends on axioms: [propext, Classical.choice, Quot.sound]
'PCSOmega.replay_sound' depends on axioms: [propext, Classical.choice, Quot.sound]
